Component: ARM Compiler 5.05 update 1 (build 106) Tool: armlink [4d0efa]

==============================================================================

Section Cross References

    main.o(.text) refers to _printf_percent.o(.ARM.Collect$$_printf_percent$$00000000) for _printf_percent
    main.o(.text) refers to _printf_f.o(.ARM.Collect$$_printf_percent$$00000003) for _printf_f
    main.o(.text) refers to printf1.o(x$fpl$printf1) for _printf_fp_dec
    main.o(.text) refers to queue.o(.text) for xQueueGenericReceive
    main.o(.text) refers to adc.o(.text) for Getcurrent
    main.o(.text) refers to f2d.o(x$fpl$f2d) for __aeabi_f2d
    main.o(.text) refers to kalman.o(.text) for KalmanFilter
    main.o(.text) refers to d2f.o(x$fpl$d2f) for __aeabi_d2f
    main.o(.text) refers to noretval__2printf.o(.text) for __2printf
    main.o(.text) refers to motor.o(.text) for MotorCtrl
    main.o(.text) refers to timer.o(.text) for MotorSet
    main.o(.text) refers to tasks.o(.text) for vTaskDelay
    main.o(.text) refers to datatransfer.o(.text) for USARTDataGet
    main.o(.text) refers to my6050.o(.text) for MPUCalc
    main.o(.text) refers to port.o(.text) for vPortEnterCritical
    main.o(.text) refers to misc.o(.text) for NVIC_PriorityGroupConfig
    main.o(.text) refers to delay.o(.text) for delay_init
    main.o(.text) refers to usart.o(.text) for uart_init
    main.o(.text) refers to led.o(.text) for LED_Init
    main.o(.text) refers to mpu6050.o(.text) for MPU_Init
    main.o(.text) refers to inv_mpu.o(.text) for mpu_dmp_init
    main.o(.text) refers to main.o(.data) for SpeedQueue
    main.o(.text) refers to main.o(.bss) for info
    main.o(.text) refers to chassis.o(.bss) for MotorLeft
    system_stm32f4xx.o(.text) refers to system_stm32f4xx.o(.data) for SystemCoreClock
    startup_stm32f40_41xxx.o(STACK) refers (Special) to heapauxi.o(.text) for __use_two_region_memory
    startup_stm32f40_41xxx.o(HEAP) refers (Special) to heapauxi.o(.text) for __use_two_region_memory
    startup_stm32f40_41xxx.o(RESET) refers (Special) to heapauxi.o(.text) for __use_two_region_memory
    startup_stm32f40_41xxx.o(RESET) refers to startup_stm32f40_41xxx.o(STACK) for __initial_sp
    startup_stm32f40_41xxx.o(RESET) refers to startup_stm32f40_41xxx.o(.text) for Reset_Handler
    startup_stm32f40_41xxx.o(RESET) refers to stm32f4xx_it.o(.text) for NMI_Handler
    startup_stm32f40_41xxx.o(RESET) refers to port.o(.emb_text) for SVC_Handler
    startup_stm32f40_41xxx.o(RESET) refers to delay.o(.text) for SysTick_Handler
    startup_stm32f40_41xxx.o(RESET) refers to usart.o(.text) for USART2_IRQHandler
    startup_stm32f40_41xxx.o(.text) refers (Special) to heapauxi.o(.text) for __use_two_region_memory
    startup_stm32f40_41xxx.o(.text) refers to system_stm32f4xx.o(.text) for SystemInit
    startup_stm32f40_41xxx.o(.text) refers to __main.o(!!!main) for __main
    startup_stm32f40_41xxx.o(.text) refers to startup_stm32f40_41xxx.o(HEAP) for Heap_Mem
    startup_stm32f40_41xxx.o(.text) refers to startup_stm32f40_41xxx.o(STACK) for Stack_Mem
    stm32f4xx_adc.o(.text) refers to stm32f4xx_rcc.o(.text) for RCC_APB2PeriphResetCmd
    stm32f4xx_can.o(.text) refers to stm32f4xx_rcc.o(.text) for RCC_APB1PeriphResetCmd
    stm32f4xx_dac.o(.text) refers to stm32f4xx_rcc.o(.text) for RCC_APB1PeriphResetCmd
    stm32f4xx_dma2d.o(.text) refers to stm32f4xx_rcc.o(.text) for RCC_AHB1PeriphResetCmd
    stm32f4xx_gpio.o(.text) refers to stm32f4xx_rcc.o(.text) for RCC_AHB1PeriphResetCmd
    stm32f4xx_i2c.o(.text) refers to stm32f4xx_rcc.o(.text) for RCC_APB1PeriphResetCmd
    stm32f4xx_rcc.o(.text) refers to stm32f4xx_rcc.o(.data) for APBAHBPrescTable
    stm32f4xx_tim.o(.text) refers to stm32f4xx_rcc.o(.text) for RCC_APB2PeriphResetCmd
    stm32f4xx_usart.o(.text) refers to stm32f4xx_rcc.o(.text) for RCC_APB2PeriphResetCmd
    delay.o(.text) refers to tasks.o(.text) for xTaskGetSchedulerState
    delay.o(.text) refers to port.o(.text) for xPortSysTickHandler
    delay.o(.text) refers to misc.o(.text) for SysTick_CLKSourceConfig
    delay.o(.text) refers to delay.o(.data) for fac_us
    usart.o(.rev16_text) refers (Special) to use_no_semi_2.o(.text) for __use_no_semihosting
    usart.o(.revsh_text) refers (Special) to use_no_semi_2.o(.text) for __use_no_semihosting
    usart.o(.text) refers (Special) to use_no_semi_2.o(.text) for __use_no_semihosting
    usart.o(.text) refers to stm32f4xx_rcc.o(.text) for RCC_AHB1PeriphClockCmd
    usart.o(.text) refers to stm32f4xx_gpio.o(.text) for GPIO_PinAFConfig
    usart.o(.text) refers to stm32f4xx_usart.o(.text) for USART_Init
    usart.o(.text) refers to misc.o(.text) for NVIC_Init
    usart.o(.text) refers to usart.o(.data) for USART_RX_STA
    usart.o(.text) refers to usart.o(.bss) for USART_RX_BUF
    usart.o(.bss) refers (Special) to use_no_semi_2.o(.text) for __use_no_semihosting
    usart.o(.data) refers (Special) to use_no_semi_2.o(.text) for __use_no_semihosting
[...]
    EXTI0_IRQHandler                         0x08000853   Thumb Code     0  startup_stm32f40_41xxx.o(.text)
    EXTI15_10_IRQHandler                     0x08000853   Thumb Code     0  startup_stm32f40_41xxx.o(.text)
    EXTI1_IRQHandler                         0x08000853   Thumb Code     0  startup_stm32f40_41xxx.o(.text)
    EXTI2_IRQHandler                         0x08000853   Thumb Code     0  startup_stm32f40_41xxx.o(.text)
    EXTI3_IRQHandler                         0x08000853   Thumb Code     0  startup_stm32f40_41xxx.o(.text)
    EXTI4_IRQHandler                         0x08000853   Thumb Code     0  startup_stm32f40_41xxx.o(.text)
    EXTI9_5_IRQHandler                       0x08000853   Thumb Code     0  startup_stm32f40_41xxx.o(.text)
    FLASH_IRQHandler                         0x08000853   Thumb Code     0  startup_stm32f40_41xxx.o(.text)
    FPU_IRQHandler                           0x08000853   Thumb Code     0  startup_stm32f40_41xxx.o(.text)
    FSMC_IRQHandler                          0x08000853   Thumb Code     0  startup_stm32f40_41xxx.o(.text)
    HASH_RNG_IRQHandler                      0x08000853   Thumb Code     0  startup_stm32f40_41xxx.o(.text)
    I2C1_ER_IRQHandler                       0x08000853   Thumb Code     0  startup_stm32f40_41xxx.o(.text)
    I2C1_EV_IRQHandler                       0x08000853   Thumb Code     0  startup_stm32f40_41xxx.o(.text)
    I2C2_ER_IRQHandler                       0x08000853   Thumb Code     0  startup_stm32f40_41xxx.o(.text)
    I2C2_EV_IRQHandler                       0x08000853   Thumb Code     0  startup_stm32f40_41xxx.o(.text)
    I2C3_ER_IRQHandler                       0x08000853   Thumb Code     0  startup_stm32f40_41xxx.o(.text)
    I2C3_EV_IRQHandler                       0x08000853   Thumb Code     0  startup_stm32f40_41xxx.o(.text)
    OTG_FS_IRQHandler                        0x08000853   Thumb Code     0  startup_stm32f40_41xxx.o(.text)
    OTG_FS_WKUP_IRQHandler                   0x08000853   Thumb Code     0  startup_stm32f40_41xxx.o(.text)
    OTG_HS_EP1_IN_IRQHandler                 0x08000853   Thumb Code     0  startup_stm32f40_41xxx.o(.text)
    OTG_HS_EP1_OUT_IRQHandler                0x08000853   Thumb Code     0  startup_stm32f40_41xxx.o(.text)
    OTG_HS_IRQHandler                        0x08000853   Thumb Code     0  startup_stm32f40_41xxx.o(.text)
    OTG_HS_WKUP_IRQHandler                   0x08000853   Thumb Code     0  startup_stm32f40_41xxx.o(.text)
    PVD_IRQHandler                           0x08000853   Thumb Code     0  startup_stm32f40_41xxx.o(.text)
    RCC_IRQHandler                           0x08000853   Thumb Code     0  startup_stm32f40_41xxx.o(.text)
    RTC_Alarm_IRQHandler                     0x08000853   Thumb Code     0  startup_stm32f40_41xxx.o(.text)
    RTC_WKUP_IRQHandler                      0x08000853   Thumb Code     0  startup_stm32f40_41xxx.o(.text)
    SDIO_IRQHandler                          0x08000853   Thumb Code     0  startup_stm32f40_41xxx.o(.text)
    SPI1_IRQHandler                          0x08000853   Thumb Code     0  startup_stm32f40_41xxx.o(.text)
    SPI2_IRQHandler                          0x08000853   Thumb Code     0  startup_stm32f40_41xxx.o(.text)
    SPI3_IRQHandler                          0x08000853   Thumb Code     0  startup_stm32f40_41xxx.o(.text)
    TAMP_STAMP_IRQHandler                    0x08000853   Thumb Code     0  startup_stm32f40_41xxx.o(.text)
    TIM1_BRK_TIM9_IRQHandler                 0x08000853   Thumb Code     0  startup_stm32f40_41xxx.o(.text)
    TIM1_CC_IRQHandler                       0x08000853   Thumb Code     0  startup_stm32f40_41xxx.o(.text)
    TIM1_TRG_COM_TIM11_IRQHandler            0x08000853   Thumb Code     0  startup_stm32f40_41xxx.o(.text)
    TIM1_UP_TIM10_IRQHandler                 0x08000853   Thumb Code     0  startup_stm32f40_41xxx.o(.text)
    TIM2_IRQHandler                          0x08000853   Thumb Code     0  startup_stm32f40_41xxx.o(.text)
    TIM3_IRQHandler                          0x08000853   Thumb Code     0  startup_stm32f40_41xxx.o(.text)
    TIM4_IRQHandler                          0x08000853   Thumb Code     0  startup_stm32f40_41xxx.o(.text)
    TIM5_IRQHandler                          0x08000853   Thumb Code     0  startup_stm32f40_41xxx.o(.text)
    TIM6_DAC_IRQHandler                      0x08000853   Thumb Code     0  startup_stm32f40_41xxx.o(.text)
    TIM7_IRQHandler                          0x08000853   Thumb Code     0  startup_stm32f40_41xxx.o(.text)
    TIM8_BRK_TIM12_IRQHandler                0x08000853   Thumb Code     0  startup_stm32f40_41xxx.o(.text)
    TIM8_CC_IRQHandler                       0x08000853   Thumb Code     0  startup_stm32f40_41xxx.o(.text)
    TIM8_TRG_COM_TIM14_IRQHandler            0x08000853   Thumb Code     0  startup_stm32f40_41xxx.o(.text)
    TIM8_UP_TIM13_IRQHandler                 0x08000853   Thumb Code     0  startup_stm32f40_41xxx.o(.text)
    UART4_IRQHandler                         0x08000853   Thumb Code     0  startup_stm32f40_41xxx.o(.text)
    UART5_IRQHandler                         0x08000853   Thumb Code     0  startup_stm32f40_41xxx.o(.text)
    USART1_IRQHandler                        0x08000853   Thumb Code     0  startup_stm32f40_41xxx.o(.text)
    USART3_IRQHandler                        0x08000853   Thumb Code     0  startup_stm32f40_41xxx.o(.text)
    USART6_IRQHandler                        0x08000853   Thumb Code     0  startup_stm32f40_41xxx.o(.text)
    WWDG_IRQHandler                          0x08000853   Thumb Code     0  startup_stm32f40_41xxx.o(.text)
    __user_initial_stackheap                 0x08000855   Thumb Code     0  startup_stm32f40_41xxx.o(.text)
    NVIC_PriorityGroupConfig                 0x08000879   Thumb Code    10  misc.o(.text)
    NVIC_Init                                0x08000883   Thumb Code   106  misc.o(.text)
    NVIC_SetVectorTable                      0x080008ed   Thumb Code    14  misc.o(.text)
    NVIC_SystemLPConfig                      0x080008fb   Thumb Code    34  misc.o(.text)
    SysTick_CLKSourceConfig                  0x0800091d   Thumb Code    40  misc.o(.text)
    ADC_DeInit                               0x08000959   Thumb Code    22  stm32f4xx_adc.o(.text)
    ADC_Init                                 0x0800096f   Thumb Code    74  stm32f4xx_adc.o(.text)
    ADC_StructInit                           0x080009b9   Thumb Code    20  stm32f4xx_adc.o(.text)
    ADC_CommonInit                           0x080009cd   Thumb Code    34  stm32f4xx_adc.o(.text)
    ADC_CommonStructInit                     0x080009ef   Thumb Code    12  stm32f4xx_adc.o(.text)
    ADC_Cmd                                  0x080009fb   Thumb Code    22  stm32f4xx_adc.o(.text)
    ADC_AnalogWatchdogCmd                    0x08000a11   Thumb Code    16  stm32f4xx_adc.o(.text)
    ADC_AnalogWatchdogThresholdsConfig       0x08000a21   Thumb Code     6  stm32f4xx_adc.o(.text)
    ADC_AnalogWatchdogSingleChannelConfig    0x08000a27   Thumb Code    16  stm32f4xx_adc.o(.text)
    ADC_TempSensorVrefintCmd                 0x08000a37   Thumb Code    34  stm32f4xx_adc.o(.text)
    ADC_VBATCmd                              0x08000a59   Thumb Code    34  stm32f4xx_adc.o(.text)
    ADC_RegularChannelConfig                 0x08000a7b   Thumb Code   184  stm32f4xx_adc.o(.text)
    ADC_SoftwareStartConv                    0x08000b33   Thumb Code    10  stm32f4xx_adc.o(.text)
    ADC_GetSoftwareStartConvStatus           0x08000b3d   Thumb Code    20  stm32f4xx_adc.o(.text)
    ADC_EOCOnEachRegularChannelCmd           0x08000b51   Thumb Code    22  stm32f4xx_adc.o(.text)
    ADC_ContinuousModeCmd                    0x08000b67   Thumb Code    22  stm32f4xx_adc.o(.text)
    ADC_DiscModeChannelCountConfig           0x08000b7d   Thumb Code    24  stm32f4xx_adc.o(.text)
    ADC_DiscModeCmd                          0x08000b95   Thumb Code    22  stm32f4xx_adc.o(.text)
    ADC_GetConversionValue                   0x08000bab   Thumb Code     8  stm32f4xx_adc.o(.text)
    ADC_GetMultiModeConversionValue          0x08000bb3   Thumb Code     8  stm32f4xx_adc.o(.text)
    ADC_DMACmd                               0x08000bbb   Thumb Code    22  stm32f4xx_adc.o(.text)
    ADC_DMARequestAfterLastTransferCmd       0x08000bd1   Thumb Code    22  stm32f4xx_adc.o(.text)
    ADC_MultiModeDMARequestAfterLastTransferCmd 0x08000be7   Thumb Code    34  stm32f4xx_adc.o(.text)
    ADC_InjectedChannelConfig                0x08000c09   Thumb Code   130  stm32f4xx_adc.o(.text)
    ADC_InjectedSequencerLengthConfig        0x08000c8b   Thumb Code    24  stm32f4xx_adc.o(.text)
    ADC_SetInjectedOffset                    0x08000ca3   Thumb Code    20  stm32f4xx_adc.o(.text)
    ADC_ExternalTrigInjectedConvConfig       0x08000cb7   Thumb Code    16  stm32f4xx_adc.o(.text)
    ADC_ExternalTrigInjectedConvEdgeConfig   0x08000cc7   Thumb Code    16  stm32f4xx_adc.o(.text)
    ADC_SoftwareStartInjectedConv            0x08000cd7   Thumb Code    10  stm32f4xx_adc.o(.text)
    ADC_GetSoftwareStartInjectedConvCmdStatus 0x08000ce1   Thumb Code    20  stm32f4xx_adc.o(.text)
    ADC_AutoInjectedConvCmd                  0x08000cf5   Thumb Code    22  stm32f4xx_adc.o(.text)
    ADC_InjectedDiscModeCmd                  0x08000d0b   Thumb Code    22  stm32f4xx_adc.o(.text)
    ADC_GetInjectedConversionValue           0x08000d21   Thumb Code    28  stm32f4xx_adc.o(.text)
    ADC_ITConfig                             0x08000d3d   Thumb Code    56  stm32f4xx_adc.o(.text)
    ADC_GetFlagStatus                        0x08000d75   Thumb Code    18  stm32f4xx_adc.o(.text)
    ADC_ClearFlag                            0x08000d87   Thumb Code     6  stm32f4xx_adc.o(.text)
    ADC_GetITStatus                          0x08000d8d   Thumb Code    38  stm32f4xx_adc.o(.text)
    ADC_ClearITPendingBit                    0x08000db3   Thumb Code    10  stm32f4xx_adc.o(.text)
    DMA_DeInit                               0x08000dbd   Thumb Code   324  stm32f4xx_dma.o(.text)
    DMA_Init                                 0x08000f01   Thumb Code    82  stm32f4xx_dma.o(.text)
    DMA_StructInit                           0x08000f53   Thumb Code    34  stm32f4xx_dma.o(.text)
    DMA_Cmd                                  0x08000f75   Thumb Code    22  stm32f4xx_dma.o(.text)
    DMA_PeriphIncOffsetSizeConfig            0x08000f8b   Thumb Code    22  stm32f4xx_dma.o(.text)
    DMA_FlowControllerConfig                 0x08000fa1   Thumb Code    22  stm32f4xx_dma.o(.text)
    DMA_SetCurrDataCounter                   0x08000fb7   Thumb Code     4  stm32f4xx_dma.o(.text)
    DMA_GetCurrDataCounter                   0x08000fbb   Thumb Code     8  stm32f4xx_dma.o(.text)
    DMA_DoubleBufferModeConfig               0x08000fc3   Thumb Code    24  stm32f4xx_dma.o(.text)
    DMA_DoubleBufferModeCmd                  0x08000fdb   Thumb Code    22  stm32f4xx_dma.o(.text)
    DMA_MemoryTargetConfig                   0x08000ff1   Thumb Code    10  stm32f4xx_dma.o(.text)
    DMA_GetCurrentMemoryTarget               0x08000ffb   Thumb Code    20  stm32f4xx_dma.o(.text)
    DMA_GetCmdStatus                         0x0800100f   Thumb Code    20  stm32f4xx_dma.o(.text)
    DMA_GetFIFOStatus                        0x08001023   Thumb Code    12  stm32f4xx_dma.o(.text)
    DMA_GetFlagStatus                        0x0800102f   Thumb Code    56  stm32f4xx_dma.o(.text)
    DMA_ClearFlag                            0x08001067   Thumb Code    40  stm32f4xx_dma.o(.text)
    DMA_ITConfig                             0x0800108f   Thumb Code    58  stm32f4xx_dma.o(.text)
    DMA_GetITStatus                          0x080010c9   Thumb Code    84  stm32f4xx_dma.o(.text)
    DMA_ClearITPendingBit                    0x0800111d   Thumb Code    40  stm32f4xx_dma.o(.text)
    GPIO_DeInit                              0x08001165   Thumb Code   268  stm32f4xx_gpio.o(.text)
    GPIO_Init                                0x08001271   Thumb Code   144  stm32f4xx_gpio.o(.text)
    GPIO_StructInit                          0x08001301   Thumb Code    18  stm32f4xx_gpio.o(.text)
    GPIO_PinLockConfig                       0x08001313   Thumb Code    34  stm32f4xx_gpio.o(.text)
    GPIO_ReadInputDataBit                    0x08001335   Thumb Code    18  stm32f4xx_gpio.o(.text)
    GPIO_ReadInputData                       0x08001347   Thumb Code     8  stm32f4xx_gpio.o(.text)
    GPIO_ReadOutputDataBit                   0x0800134f   Thumb Code    18  stm32f4xx_gpio.o(.text)
    GPIO_ReadOutputData                      0x08001361   Thumb Code     8  stm32f4xx_gpio.o(.text)
    GPIO_SetBits                             0x08001369   Thumb Code     4  stm32f4xx_gpio.o(.text)
    GPIO_ResetBits                           0x0800136d   Thumb Code     4  stm32f4xx_gpio.o(.text)
    GPIO_WriteBit                            0x08001371   Thumb Code    10  stm32f4xx_gpio.o(.text)
    GPIO_Write                               0x0800137b   Thumb Code     4  stm32f4xx_gpio.o(.text)
    GPIO_ToggleBits                          0x0800137f   Thumb Code     8  stm32f4xx_gpio.o(.text)
    GPIO_PinAFConfig                         0x08001387   Thumb Code    70  stm32f4xx_gpio.o(.text)
    RCC_DeInit                               0x080013f9   Thumb Code    82  stm32f4xx_rcc.o(.text)
    RCC_HSEConfig                            0x0800144b   Thumb Code    14  stm32f4xx_rcc.o(.text)
    RCC_GetFlagStatus                        0x08001459   Thumb Code    60  stm32f4xx_rcc.o(.text)
    RCC_WaitForHSEStartUp                    0x08001495   Thumb Code    56  stm32f4xx_rcc.o(.text)
    RCC_AdjustHSICalibrationValue            0x080014cd   Thumb Code    20  stm32f4xx_rcc.o(.text)
    RCC_HSICmd                               0x080014e1   Thumb Code     6  stm32f4xx_rcc.o(.text)
    RCC_LSEConfig                            0x080014e7   Thumb Code    46  stm32f4xx_rcc.o(.text)
    RCC_LSICmd                               0x08001515   Thumb Code     6  stm32f4xx_rcc.o(.text)
    RCC_PLLConfig                            0x0800151b   Thumb Code    32  stm32f4xx_rcc.o(.text)
    RCC_PLLCmd                               0x0800153b   Thumb Code     6  stm32f4xx_rcc.o(.text)
    RCC_PLLI2SConfig                         0x08001541   Thumb Code    14  stm32f4xx_rcc.o(.text)
    RCC_PLLI2SCmd                            0x0800154f   Thumb Code     6  stm32f4xx_rcc.o(.text)
    RCC_PLLSAIConfig                         0x08001555   Thumb Code    20  stm32f4xx_rcc.o(.text)
    RCC_PLLSAICmd                            0x08001569   Thumb Code     6  stm32f4xx_rcc.o(.text)
    RCC_ClockSecuritySystemCmd               0x0800156f   Thumb Code     6  stm32f4xx_rcc.o(.text)
    RCC_MCO1Config                           0x08001575   Thumb Code    28  stm32f4xx_rcc.o(.text)
    RCC_MCO2Config                           0x08001591   Thumb Code    28  stm32f4xx_rcc.o(.text)
    RCC_SYSCLKConfig                         0x080015ad   Thumb Code    20  stm32f4xx_rcc.o(.text)
    RCC_GetSYSCLKSource                      0x080015c1   Thumb Code    12  stm32f4xx_rcc.o(.text)
    RCC_HCLKConfig                           0x080015cd   Thumb Code    20  stm32f4xx_rcc.o(.text)
    RCC_PCLK1Config                          0x080015e1   Thumb Code    20  stm32f4xx_rcc.o(.text)
    RCC_PCLK2Config                          0x080015f5   Thumb Code    22  stm32f4xx_rcc.o(.text)
    RCC_GetClocksFreq                        0x0800160b   Thumb Code   222  stm32f4xx_rcc.o(.text)
    RCC_RTCCLKConfig                         0x080016e9   Thumb Code    54  stm32f4xx_rcc.o(.text)
    RCC_RTCCLKCmd                            0x0800171f   Thumb Code     8  stm32f4xx_rcc.o(.text)
    RCC_BackupResetCmd                       0x08001727   Thumb Code     8  stm32f4xx_rcc.o(.text)
    RCC_I2SCLKConfig                         0x0800172f   Thumb Code     6  stm32f4xx_rcc.o(.text)
    RCC_SAIPLLI2SClkDivConfig                0x08001735   Thumb Code    26  stm32f4xx_rcc.o(.text)
    RCC_SAIPLLSAIClkDivConfig                0x0800174f   Thumb Code    28  stm32f4xx_rcc.o(.text)
    RCC_SAIBlockACLKConfig                   0x0800176b   Thumb Code    20  stm32f4xx_rcc.o(.text)
    RCC_SAIBlockBCLKConfig                   0x0800177f   Thumb Code    20  stm32f4xx_rcc.o(.text)
    RCC_LTDCCLKDivConfig                     0x08001793   Thumb Code    20  stm32f4xx_rcc.o(.text)
    RCC_TIMCLKPresConfig                     0x080017a7   Thumb Code     6  stm32f4xx_rcc.o(.text)
    RCC_AHB1PeriphClockCmd                   0x080017ad   Thumb Code    34  stm32f4xx_rcc.o(.text)
    RCC_AHB2PeriphClockCmd                   0x080017cf   Thumb Code    78  stm32f4xx_rcc.o(.text)
    RCC_AHB3PeriphClockCmd                   0x0800181d   Thumb Code    34  stm32f4xx_rcc.o(.text)
    RCC_APB1PeriphClockCmd                   0x0800183f   Thumb Code    34  stm32f4xx_rcc.o(.text)
    RCC_APB2PeriphClockCmd                   0x08001861   Thumb Code    34  stm32f4xx_rcc.o(.text)
    RCC_AHB1PeriphResetCmd                   0x08001883   Thumb Code    34  stm32f4xx_rcc.o(.text)
    RCC_AHB2PeriphResetCmd                   0x080018a5   Thumb Code    34  stm32f4xx_rcc.o(.text)
    RCC_AHB3PeriphResetCmd                   0x080018c7   Thumb Code    34  stm32f4xx_rcc.o(.text)
    RCC_APB1PeriphResetCmd                   0x080018e9   Thumb Code    34  stm32f4xx_rcc.o(.text)
    RCC_APB2PeriphResetCmd                   0x0800190b   Thumb Code    34  stm32f4xx_rcc.o(.text)
    RCC_AHB1PeriphClockLPModeCmd             0x0800192d   Thumb Code    34  stm32f4xx_rcc.o(.text)
    RCC_AHB2PeriphClockLPModeCmd             0x0800194f   Thumb Code    34  stm32f4xx_rcc.o(.text)
    RCC_AHB3PeriphClockLPModeCmd             0x08001971   Thumb Code    34  stm32f4xx_rcc.o(.text)
    RCC_APB1PeriphClockLPModeCmd             0x08001993   Thumb Code    34  stm32f4xx_rcc.o(.text)
    RCC_APB2PeriphClockLPModeCmd             0x080019b5   Thumb Code    34  stm32f4xx_rcc.o(.text)
    RCC_LSEModeConfig                        0x080019d7   Thumb Code    40  stm32f4xx_rcc.o(.text)
    RCC_ITConfig                             0x080019ff   Thumb Code    34  stm32f4xx_rcc.o(.text)
    RCC_ClearFlag                            0x08001a21   Thumb Code    18  stm32f4xx_rcc.o(.text)
    RCC_GetITStatus                          0x08001a33   Thumb Code    22  stm32f4xx_rcc.o(.text)
    RCC_ClearITPendingBit                    0x08001a49   Thumb Code     8  stm32f4xx_rcc.o(.text)
    TIM_DeInit                               0x08001a55   Thumb Code   346  stm32f4xx_tim.o(.text)
    TIM_TimeBaseInit                         0x08001baf   Thumb Code   104  stm32f4xx_tim.o(.text)
    TIM_TimeBaseStructInit                   0x08001c17   Thumb Code    18  stm32f4xx_tim.o(.text)
    TIM_PrescalerConfig                      0x08001c29   Thumb Code     6  stm32f4xx_tim.o(.text)
    TIM_CounterModeConfig                    0x08001c2f   Thumb Code    18  stm32f4xx_tim.o(.text)
    TIM_SetCounter                           0x08001c41   Thumb Code     4  stm32f4xx_tim.o(.text)
    TIM_SetAutoreload                        0x08001c45   Thumb Code     4  stm32f4xx_tim.o(.text)
    TIM_GetCounter                           0x08001c49   Thumb Code     6  stm32f4xx_tim.o(.text)
    TIM_GetPrescaler                         0x08001c4f   Thumb Code     6  stm32f4xx_tim.o(.text)
    TIM_UpdateDisableConfig                  0x08001c55   Thumb Code    24  stm32f4xx_tim.o(.text)
    TIM_UpdateRequestConfig                  0x08001c6d   Thumb Code    24  stm32f4xx_tim.o(.text)
    TIM_ARRPreloadConfig                     0x08001c85   Thumb Code    24  stm32f4xx_tim.o(.text)
    TIM_SelectOnePulseMode                   0x08001c9d   Thumb Code    18  stm32f4xx_tim.o(.text)
    TIM_SetClockDivision                     0x08001caf   Thumb Code    18  stm32f4xx_tim.o(.text)
    TIM_Cmd                                  0x08001cc1   Thumb Code    24  stm32f4xx_tim.o(.text)
    TIM_OC1Init                              0x08001cd9   Thumb Code   114  stm32f4xx_tim.o(.text)
    TIM_OC2Init                              0x08001d4b   Thumb Code   154  stm32f4xx_tim.o(.text)
    TIM_OC3Init                              0x08001de5   Thumb Code   204  stm32f4xx_tim.o(.text)
    TIM_OC4Init                              0x08001eb1   Thumb Code   112  stm32f4xx_tim.o(.text)
    TIM_OCStructInit                         0x08001f21   Thumb Code    20  stm32f4xx_tim.o(.text)
    TIM_SelectOCxM                           0x08001f35   Thumb Code    86  stm32f4xx_tim.o(.text)
    TIM_SetCompare1                          0x08001f8b   Thumb Code     4  stm32f4xx_tim.o(.text)
    TIM_SetCompare2                          0x08001f8f   Thumb Code     4  stm32f4xx_tim.o(.text)
    TIM_SetCompare3                          0x08001f93   Thumb Code     4  stm32f4xx_tim.o(.text)
    TIM_SetCompare4                          0x08001f97   Thumb Code     4  stm32f4xx_tim.o(.text)
    TIM_ForcedOC1Config                      0x08001f9b   Thumb Code    18  stm32f4xx_tim.o(.text)
    TIM_ForcedOC2Config                      0x08001fad   Thumb Code    26  stm32f4xx_tim.o(.text)
    TIM_ForcedOC3Config                      0x08001fc7   Thumb Code    18  stm32f4xx_tim.o(.text)
    TIM_ForcedOC4Config                      0x08001fd9   Thumb Code    26  stm32f4xx_tim.o(.text)
    TIM_OC1PreloadConfig                     0x08001ff3   Thumb Code    18  stm32f4xx_tim.o(.text)
    TIM_OC2PreloadConfig                     0x08002005   Thumb Code    26  stm32f4xx_tim.o(.text)
    TIM_OC3PreloadConfig                     0x0800201f   Thumb Code    18  stm32f4xx_tim.o(.text)
    TIM_OC4PreloadConfig                     0x08002031   Thumb Code    26  stm32f4xx_tim.o(.text)
    TIM_OC1FastConfig                        0x0800204b   Thumb Code    18  stm32f4xx_tim.o(.text)
    TIM_OC2FastConfig                        0x0800205d   Thumb Code    26  stm32f4xx_tim.o(.text)
    TIM_OC3FastConfig                        0x08002077   Thumb Code    18  stm32f4xx_tim.o(.text)
    TIM_OC4FastConfig                        0x08002089   Thumb Code    26  stm32f4xx_tim.o(.text)
    TIM_ClearOC1Ref                          0x080020a3   Thumb Code    18  stm32f4xx_tim.o(.text)
    TIM_ClearOC2Ref                          0x080020b5   Thumb Code    24  stm32f4xx_tim.o(.text)
    TIM_ClearOC3Ref                          0x080020cd   Thumb Code    18  stm32f4xx_tim.o(.text)
    TIM_ClearOC4Ref                          0x080020df   Thumb Code    24  stm32f4xx_tim.o(.text)
    TIM_OC1PolarityConfig                    0x080020f7   Thumb Code    18  stm32f4xx_tim.o(.text)
    TIM_OC1NPolarityConfig                   0x08002109   Thumb Code    18  stm32f4xx_tim.o(.text)
    TIM_OC2PolarityConfig                    0x0800211b   Thumb Code    26  stm32f4xx_tim.o(.text)
    TIM_OC2NPolarityConfig                   0x08002135   Thumb Code    26  stm32f4xx_tim.o(.text)
    TIM_OC3PolarityConfig                    0x0800214f   Thumb Code    26  stm32f4xx_tim.o(.text)
    TIM_OC3NPolarityConfig                   0x08002169   Thumb Code    26  stm32f4xx_tim.o(.text)
    TIM_OC4PolarityConfig                    0x08002183   Thumb Code    26  stm32f4xx_tim.o(.text)
    TIM_CCxCmd                               0x0800219d   Thumb Code    30  stm32f4xx_tim.o(.text)
    TIM_CCxNCmd                              0x080021bb   Thumb Code    30  stm32f4xx_tim.o(.text)
    TIM_SetIC4Prescaler                      0x080021d9   Thumb Code    26  stm32f4xx_tim.o(.text)
    TIM_SetIC3Prescaler                      0x08002243   Thumb Code    18  stm32f4xx_tim.o(.text)
    TIM_SetIC2Prescaler                      0x0800229d   Thumb Code    26  stm32f4xx_tim.o(.text)
    TIM_SetIC1Prescaler                      0x08002311   Thumb Code    18  stm32f4xx_tim.o(.text)
    TIM_ICInit                               0x0800235d   Thumb Code   110  stm32f4xx_tim.o(.text)
    TIM_ICStructInit                         0x080023cb   Thumb Code    18  stm32f4xx_tim.o(.text)
    TIM_PWMIConfig                           0x080023dd   Thumb Code   124  stm32f4xx_tim.o(.text)
    TIM_GetCapture1                          0x08002459   Thumb Code     6  stm32f4xx_tim.o(.text)
    TIM_GetCapture2                          0x0800245f   Thumb Code     6  stm32f4xx_tim.o(.text)
    TIM_GetCapture3                          0x08002465   Thumb Code     6  stm32f4xx_tim.o(.text)
    TIM_GetCapture4                          0x0800246b   Thumb Code     6  stm32f4xx_tim.o(.text)
    TIM_BDTRConfig                           0x08002471   Thumb Code    32  stm32f4xx_tim.o(.text)
    TIM_BDTRStructInit                       0x08002491   Thumb Code    18  stm32f4xx_tim.o(.text)
    TIM_CtrlPWMOutputs                       0x080024a3   Thumb Code    30  stm32f4xx_tim.o(.text)
    TIM_SelectCOM                            0x080024c1   Thumb Code    24  stm32f4xx_tim.o(.text)
    TIM_CCPreloadControl                     0x080024d9   Thumb Code    24  stm32f4xx_tim.o(.text)
    TIM_ITConfig                             0x080024f1   Thumb Code    18  stm32f4xx_tim.o(.text)
    TIM_GenerateEvent                        0x08002503   Thumb Code     4  stm32f4xx_tim.o(.text)
    TIM_GetFlagStatus                        0x08002507   Thumb Code    18  stm32f4xx_tim.o(.text)
    TIM_ClearFlag                            0x08002519   Thumb Code     6  stm32f4xx_tim.o(.text)
    TIM_GetITStatus                          0x0800251f   Thumb Code    34  stm32f4xx_tim.o(.text)
    TIM_ClearITPendingBit                    0x08002541   Thumb Code     6  stm32f4xx_tim.o(.text)
    TIM_DMAConfig                            0x08002547   Thumb Code    10  stm32f4xx_tim.o(.text)
    TIM_DMACmd                               0x08002551   Thumb Code    18  stm32f4xx_tim.o(.text)
    TIM_SelectCCDMA                          0x08002563   Thumb Code    24  stm32f4xx_tim.o(.text)
    TIM_InternalClockConfig                  0x0800257b   Thumb Code    12  stm32f4xx_tim.o(.text)
    TIM_SelectInputTrigger                   0x08002587   Thumb Code    18  stm32f4xx_tim.o(.text)
    TIM_ITRxExternalClockConfig              0x08002599   Thumb Code    24  stm32f4xx_tim.o(.text)
    TIM_TIxExternalClockConfig               0x080025b1   Thumb Code    62  stm32f4xx_tim.o(.text)
    TIM_ETRConfig                            0x080025ef   Thumb Code    28  stm32f4xx_tim.o(.text)
    TIM_ETRClockMode1Config                  0x0800260b   Thumb Code    54  stm32f4xx_tim.o(.text)
    TIM_ETRClockMode2Config                  0x08002641   Thumb Code    32  stm32f4xx_tim.o(.text)
    TIM_SelectOutputTrigger                  0x08002661   Thumb Code    18  stm32f4xx_tim.o(.text)
    TIM_SelectSlaveMode                      0x08002673   Thumb Code    18  stm32f4xx_tim.o(.text)
    TIM_SelectMasterSlaveMode                0x08002685   Thumb Code    18  stm32f4xx_tim.o(.text)
    TIM_EncoderInterfaceConfig               0x08002697   Thumb Code    66  stm32f4xx_tim.o(.text)
    TIM_SelectHallSensor                     0x080026d9   Thumb Code    24  stm32f4xx_tim.o(.text)
    TIM_RemapConfig                          0x080026f1   Thumb Code     6  stm32f4xx_tim.o(.text)
    USART_DeInit                             0x080026f9   Thumb Code   206  stm32f4xx_usart.o(.text)
    USART_Init                               0x080027c7   Thumb Code   204  stm32f4xx_usart.o(.text)
    USART_StructInit                         0x08002893   Thumb Code    24  stm32f4xx_usart.o(.text)
    USART_ClockInit                          0x080028ab   Thumb Code    32  stm32f4xx_usart.o(.text)
    USART_ClockStructInit                    0x080028cb   Thumb Code    12  stm32f4xx_usart.o(.text)
    USART_Cmd                                0x080028d7   Thumb Code    24  stm32f4xx_usart.o(.text)
    USART_SetPrescaler                       0x080028ef   Thumb Code    16  stm32f4xx_usart.o(.text)
    USART_OverSampling8Cmd                   0x080028ff   Thumb Code    22  stm32f4xx_usart.o(.text)
    USART_OneBitMethodCmd                    0x08002915   Thumb Code    24  stm32f4xx_usart.o(.text)
    USART_SendData                           0x0800292d   Thumb Code     8  stm32f4xx_usart.o(.text)
    USART_ReceiveData                        0x08002935   Thumb Code    10  stm32f4xx_usart.o(.text)
    USART_SetAddress                         0x0800293f   Thumb Code    18  stm32f4xx_usart.o(.text)
    USART_ReceiverWakeUpCmd                  0x08002951   Thumb Code    24  stm32f4xx_usart.o(.text)
    USART_WakeUpConfig                       0x08002969   Thumb Code    18  stm32f4xx_usart.o(.text)
    USART_LINBreakDetectLengthConfig         0x0800297b   Thumb Code    18  stm32f4xx_usart.o(.text)
    USART_LINCmd                             0x0800298d   Thumb Code    24  stm32f4xx_usart.o(.text)
    USART_SendBreak                          0x080029a5   Thumb Code    10  stm32f4xx_usart.o(.text)
    USART_HalfDuplexCmd                      0x080029af   Thumb Code    24  stm32f4xx_usart.o(.text)
    USART_SetGuardTime                       0x080029c7   Thumb Code    16  stm32f4xx_usart.o(.text)
    USART_SmartCardCmd                       0x080029d7   Thumb Code    24  stm32f4xx_usart.o(.text)
    USART_SmartCardNACKCmd                   0x080029ef   Thumb Code    24  stm32f4xx_usart.o(.text)
    USART_IrDAConfig                         0x08002a07   Thumb Code    18  stm32f4xx_usart.o(.text)
    USART_IrDACmd                            0x08002a19   Thumb Code    24  stm32f4xx_usart.o(.text)
    USART_DMACmd                             0x08002a31   Thumb Code    18  stm32f4xx_usart.o(.text)
    USART_ITConfig                           0x08002a43   Thumb Code    74  stm32f4xx_usart.o(.text)
    USART_GetFlagStatus                      0x08002a8d   Thumb Code    26  stm32f4xx_usart.o(.text)
    USART_ClearFlag                          0x08002aa7   Thumb Code    18  stm32f4xx_usart.o(.text)
    USART_GetITStatus                        0x08002ab9   Thumb Code   118  stm32f4xx_usart.o(.text)
    USART_ClearITPendingBit                  0x08002b2f   Thumb Code    30  stm32f4xx_usart.o(.text)
    SysTick_Handler                          0x08002b4d   Thumb Code    16  delay.o(.text)
    delay_init                               0x08002b5d   Thumb Code    58  delay.o(.text)
    delay_us                                 0x08002b97   Thumb Code    68  delay.o(.text)
    delay_ms                                 0x08002bdb   Thumb Code    60  delay.o(.text)
    delay_xms                                0x08002c17   Thumb Code    24  delay.o(.text)
    _sys_exit                                0x08002c39   Thumb Code     6  usart.o(.text)
    fputc                                    0x08002c3f   Thumb Code    24  usart.o(.text)
    uart_init                                0x08002c57   Thumb Code   164  usart.o(.text)
    USART2_IRQHandler                        0x08002cfb   Thumb Code   130  usart.o(.text)
    LED_Init                                 0x08002d8d   Thumb Code    56  led.o(.text)
    Laser_Init                               0x08002dc5   Thumb Code    56  led.o(.text)
    IIC_Init                                 0x08002e01   Thumb Code    62  i2c.o(.text)
    IIC_Start                                0x08002e3f   Thumb Code    68  i2c.o(.text)
    IIC_Stop                                 0x08002e83   Thumb Code    62  i2c.o(.text)
    IIC_Wait_Ack                             0x08002ec1   Thumb Code    82  i2c.o(.text)
    IIC_Ack                                  0x08002f13   Thumb Code    66  i2c.o(.text)
    IIC_NAck                                 0x08002f55   Thumb Code    66  i2c.o(.text)
    IIC_Send_Byte                            0x08002f97   Thumb Code    90  i2c.o(.text)
    IIC_Read_Byte                            0x08002ff1   Thumb Code    94  i2c.o(.text)
    MPU_Write_Byte                           0x0800305d   Thumb Code    68  mpu6050.o(.text)
    MPU_Set_LPF                              0x080030a1   Thumb Code    58  mpu6050.o(.text)
    MPU_Set_Rate                             0x080030db   Thumb Code    58  mpu6050.o(.text)
    MPU_Read_Byte                            0x08003115   Thumb Code    58  mpu6050.o(.text)
    MPU_Set_Accel_Fsr                        0x0800314f   Thumb Code    16  mpu6050.o(.text)
    MPU_Set_Gyro_Fsr                         0x0800315f   Thumb Code    16  mpu6050.o(.text)
    MPU_Init                                 0x0800316f   Thumb Code   122  mpu6050.o(.text)
    MPU_Read_Len                             0x080031e9   Thumb Code   116  mpu6050.o(.text)
    MPU_Get_Temperature                      0x0800325d   Thumb Code   110  mpu6050.o(.text)
    MPU_Get_Gyroscope                        0x080032cb   Thumb Code    80  mpu6050.o(.text)
    MPU_Get_Accelerometer                    0x0800331b   Thumb Code    80  mpu6050.o(.text)
    MPU_Write_Len                            0x0800336b   Thumb Code    96  mpu6050.o(.text)
    mpu_reg_dump                             0x0800346b   Thumb Code    84  inv_mpu.o(.text)
    mpu_read_reg                             0x080034bf   Thumb Code    66  inv_mpu.o(.text)
    mpu_set_int_latched                      0x08003501   Thumb Code   102  inv_mpu.o(.text)
    mpu_set_sensors                          0x08003567   Thumb Code   202  inv_mpu.o(.text)
    mpu_set_bypass                           0x08003631   Thumb Code   328  inv_mpu.o(.text)
    mpu_reset_fifo                           0x08003779   Thumb Code   472  inv_mpu.o(.text)
    mpu_configure_fifo                       0x08003951   Thumb Code   106  inv_mpu.o(.text)
    mpu_set_lpf                              0x080039bb   Thumb Code   126  inv_mpu.o(.text)
    mpu_lp_accel_mode                        0x08003a39   Thumb Code   218  inv_mpu.o(.text)
    mpu_set_sample_rate                      0x08003b13   Thumb Code   152  inv_mpu.o(.text)
    mpu_set_accel_fsr                        0x08003bab   Thumb Code   132  inv_mpu.o(.text)
    mpu_set_gyro_fsr                         0x08003c2f   Thumb Code   132  inv_mpu.o(.text)
    mpu_init                                 0x08003cb3   Thumb Code   416  inv_mpu.o(.text)
    mget_ms                                  0x08003e53   Thumb Code     2  inv_mpu.o(.text)
    mpu_get_gyro_reg                         0x08003e55   Thumb Code   110  inv_mpu.o(.text)
    mpu_get_accel_reg                        0x08003ec3   Thumb Code   110  inv_mpu.o(.text)
    mpu_get_temperature                      0x08003f31   Thumb Code   142  inv_mpu.o(.text)
    mpu_set_accel_bias                       0x08003fbf   Thumb Code   472  inv_mpu.o(.text)
    mpu_get_gyro_fsr                         0x08004197   Thumb Code    64  inv_mpu.o(.text)
    mpu_get_accel_fsr                        0x080041d7   Thumb Code    72  inv_mpu.o(.text)
    mpu_get_lpf                              0x0800421f   Thumb Code    74  inv_mpu.o(.text)
    mpu_get_sample_rate                      0x08004269   Thumb Code    26  inv_mpu.o(.text)
    mpu_get_compass_sample_rate              0x08004283   Thumb Code    10  inv_mpu.o(.text)
    mpu_set_compass_sample_rate              0x0800428d   Thumb Code     8  inv_mpu.o(.text)
    mpu_get_gyro_sens                        0x08004295   Thumb Code    74  inv_mpu.o(.text)
    mpu_get_accel_sens                       0x080042df   Thumb Code    78  inv_mpu.o(.text)
    mpu_get_fifo_config                      0x0800432d   Thumb Code    12  inv_mpu.o(.text)
    mpu_get_power_state                      0x08004339   Thumb Code    22  inv_mpu.o(.text)
    mpu_get_int_status                       0x0800434f   Thumb Code    64  inv_mpu.o(.text)
    mpu_read_fifo                            0x0800438f   Thumb Code   520  inv_mpu.o(.text)
    mpu_read_fifo_stream                     0x08004597   Thumb Code   186  inv_mpu.o(.text)
    mpu_set_int_level                        0x08004651   Thumb Code    12  inv_mpu.o(.text)
    mpu_set_dmp_state                        0x08004d61   Thumb Code   138  inv_mpu.o(.text)
    mpu_run_self_test                        0x08004deb   Thumb Code   278  inv_mpu.o(.text)
    mpu_write_mem                            0x08004f01   Thumb Code   122  inv_mpu.o(.text)
    mpu_read_mem                             0x08004f7b   Thumb Code   122  inv_mpu.o(.text)
    mpu_load_firmware                        0x08004ff5   Thumb Code   190  inv_mpu.o(.text)
    mpu_get_dmp_state                        0x080050b3   Thumb Code    14  inv_mpu.o(.text)
    setup_compass                            0x080050c1   Thumb Code     6  inv_mpu.o(.text)
    mpu_get_compass_reg                      0x080050c7   Thumb Code     8  inv_mpu.o(.text)
    mpu_get_compass_fsr                      0x080050cf   Thumb Code     8  inv_mpu.o(.text)
    mpu_lp_motion_interrupt                  0x080050d7   Thumb Code   512  inv_mpu.o(.text)
    run_self_test                            0x080052d7   Thumb Code   154  inv_mpu.o(.text)
    inv_row_2_scale                          0x08005371   Thumb Code    78  inv_mpu.o(.text)
    inv_orientation_matrix_to_scalar         0x080053bf   Thumb Code    40  inv_mpu.o(.text)
    mpu_dmp_init                             0x080053e7   Thumb Code   160  inv_mpu.o(.text)
    mpu_dmp_get_data                         0x08005487   Thumb Code   520  inv_mpu.o(.text)
    dmp_load_motion_driver_firmware          0x080056a1   Thumb Code    20  inv_mpu_dmp_motion_driver.o(.text)
    dmp_set_orientation                      0x080056b5   Thumb Code   290  inv_mpu_dmp_motion_driver.o(.text)
    dmp_set_gyro_bias                        0x080057d7   Thumb Code   294  inv_mpu_dmp_motion_driver.o(.text)
    dmp_set_accel_bias                       0x080058fd   Thumb Code   300  inv_mpu_dmp_motion_driver.o(.text)
    dmp_set_fifo_rate                        0x08005a29   Thumb Code   136  inv_mpu_dmp_motion_driver.o(.text)
    dmp_get_fifo_rate                        0x08005ab1   Thumb Code    12  inv_mpu_dmp_motion_driver.o(.text)
    dmp_set_tap_thresh                       0x08005abd   Thumb Code   412  inv_mpu_dmp_motion_driver.o(.text)
    dmp_set_tap_axes                         0x08005c59   Thumb Code    70  inv_mpu_dmp_motion_driver.o(.text)
    dmp_set_tap_count                        0x08005c9f   Thumb Code    38  inv_mpu_dmp_motion_driver.o(.text)
    dmp_set_tap_time                         0x08005cc5   Thumb Code    38  inv_mpu_dmp_motion_driver.o(.text)
    dmp_set_tap_time_multi                   0x08005ceb   Thumb Code    38  inv_mpu_dmp_motion_driver.o(.text)
    dmp_set_shake_reject_thresh              0x08005d11   Thumb Code    56  inv_mpu_dmp_motion_driver.o(.text)
    dmp_set_shake_reject_time                0x08005d49   Thumb Code    38  inv_mpu_dmp_motion_driver.o(.text)
    dmp_set_shake_reject_timeout             0x08005d6f   Thumb Code    38  inv_mpu_dmp_motion_driver.o(.text)
    dmp_get_pedometer_step_count             0x08005d95   Thumb Code    66  inv_mpu_dmp_motion_driver.o(.text)
    dmp_set_pedometer_step_count             0x08005dd7   Thumb Code    42  inv_mpu_dmp_motion_driver.o(.text)
    dmp_get_pedometer_walk_time              0x08005e01   Thumb Code    72  inv_mpu_dmp_motion_driver.o(.text)
    dmp_set_pedometer_walk_time              0x08005e49   Thumb Code    48  inv_mpu_dmp_motion_driver.o(.text)
    dmp_enable_6x_lp_quat                    0x08005e79   Thumb Code   100  inv_mpu_dmp_motion_driver.o(.text)
    dmp_enable_lp_quat                       0x08005edd   Thumb Code    60  inv_mpu_dmp_motion_driver.o(.text)
    dmp_enable_gyro_cal                      0x08005f19   Thumb Code    62  inv_mpu_dmp_motion_driver.o(.text)
    dmp_enable_feature                       0x08005f57   Thumb Code   530  inv_mpu_dmp_motion_driver.o(.text)
    dmp_get_enabled_features                 0x08006169   Thumb Code    12  inv_mpu_dmp_motion_driver.o(.text)
    dmp_set_interrupt_mode                   0x080061d3   Thumb Code    66  inv_mpu_dmp_motion_driver.o(.text)
    dmp_read_fifo                            0x08006215   Thumb Code   514  inv_mpu_dmp_motion_driver.o(.text)
    dmp_register_tap_cb                      0x08006417   Thumb Code    10  inv_mpu_dmp_motion_driver.o(.text)
    dmp_register_android_orient_cb           0x08006421   Thumb Code    10  inv_mpu_dmp_motion_driver.o(.text)
    IMUupdate                                0x08006431   Thumb Code  1328  my6050.o(.text)
    MPUCalc                                  0x08006961   Thumb Code   526  my6050.o(.text)
    TIM1_PWM_Init                            0x08006bb1   Thumb Code   374  timer.o(.text)
    MotorSet                                 0x08006d27   Thumb Code   164  timer.o(.text)
    Adc_Init                                 0x08006de1   Thumb Code   238  adc.o(.text)
    Getcurrent                               0x08006ecf   Thumb Code   126  adc.o(.text)
    vListInitialise                          0x08006f6d   Thumb Code    26  list.o(.text)
    vListInitialiseItem                      0x08006f87   Thumb Code     6  list.o(.text)
    vListInsertEnd                           0x08006f8d   Thumb Code    24  list.o(.text)
    vListInsert                              0x08006fa5   Thumb Code    52  list.o(.text)
    uxListRemove                             0x08006fd9   Thumb Code    40  list.o(.text)
    xQueueGenericReset                       0x08007001   Thumb Code   146  queue.o(.text)
    xQueueGenericCreate                      0x080070bd   Thumb Code    88  queue.o(.text)
    xQueueGenericSend                        0x0800722d   Thumb Code   420  queue.o(.text)
    xQueueCreateMutex                        0x080073ed   Thumb Code    34  queue.o(.text)
    xQueueGiveMutexRecursive                 0x0800740f   Thumb Code    76  queue.o(.text)
    xQueueGenericReceive                     0x0800749f   Thumb Code   446  queue.o(.text)
    xQueueTakeMutexRecursive                 0x0800765d   Thumb Code    82  queue.o(.text)
    xQueueCreateCountingSemaphore            0x080076af   Thumb Code    92  queue.o(.text)
    xQueueGenericSendFromISR                 0x0800770b   Thumb Code   248  queue.o(.text)
    xQueueGiveFromISR                        0x08007803   Thumb Code   224  queue.o(.text)
    xQueueReceiveFromISR                     0x080078e3   Thumb Code   210  queue.o(.text)
    xQueuePeekFromISR                        0x080079b5   Thumb Code   176  queue.o(.text)
    uxQueueMessagesWaiting                   0x08007a65   Thumb Code    42  queue.o(.text)
    uxQueueSpacesAvailable                   0x08007a8f   Thumb Code    48  queue.o(.text)
    uxQueueMessagesWaitingFromISR            0x08007abf   Thumb Code    30  queue.o(.text)
    vQueueUnregisterQueue                    0x08007add   Thumb Code    44  queue.o(.text)
    vQueueDelete                             0x08007b09   Thumb Code    44  queue.o(.text)
    uxQueueGetQueueNumber                    0x08007b35   Thumb Code     6  queue.o(.text)
    vQueueSetQueueNumber                     0x08007b3b   Thumb Code     4  queue.o(.text)
    ucQueueGetQueueType                      0x08007b3f   Thumb Code     8  queue.o(.text)
    xQueueIsQueueEmptyFromISR                0x08007b47   Thumb Code    38  queue.o(.text)
    xQueueIsQueueFullFromISR                 0x08007b6d   Thumb Code    42  queue.o(.text)
    vQueueAddToRegistry                      0x08007b97   Thumb Code    38  queue.o(.text)
    pcQueueGetName                           0x08007bbd   Thumb Code    38  queue.o(.text)
    vQueueWaitForMessageRestricted           0x08007be3   Thumb Code    74  queue.o(.text)
    xTaskCreate                              0x08007dc7   Thumb Code    96  tasks.o(.text)
    vTaskDelete                              0x08007e63   Thumb Code   202  tasks.o(.text)
    xTaskIncrementTick                       0x08007f2d   Thumb Code   358  tasks.o(.text)
    xTaskResumeAll                           0x08008093   Thumb Code   224  tasks.o(.text)
    vTaskSuspendAll                          0x080081ef   Thumb Code    12  tasks.o(.text)
    vTaskDelayUntil                          0x080081fb   Thumb Code   200  tasks.o(.text)
    vTaskDelay                               0x080082c3   Thumb Code    82  tasks.o(.text)
    eTaskGetState                            0x08008315   Thumb Code   112  tasks.o(.text)
    uxTaskPriorityGet                        0x08008385   Thumb Code    30  tasks.o(.text)
    uxTaskPriorityGetFromISR                 0x080083a3   Thumb Code    62  tasks.o(.text)
    vTaskPrioritySet                         0x080083e1   Thumb Code   322  tasks.o(.text)
    vTaskSwitchContext                       0x08008523   Thumb Code   118  tasks.o(.text)
    vTaskSuspend                             0x08008599   Thumb Code   196  tasks.o(.text)
    vTaskResume                              0x080086ad   Thumb Code   128  tasks.o(.text)
    xTaskResumeFromISR                       0x0800872d   Thumb Code   158  tasks.o(.text)
    vTaskStartScheduler                      0x08008841   Thumb Code   192  tasks.o(.text)
    vTaskEndScheduler                        0x08008901   Thumb Code    32  tasks.o(.text)
    xTaskGetTickCount                        0x08008921   Thumb Code     6  tasks.o(.text)
    xTaskGetTickCountFromISR                 0x08008927   Thumb Code    16  tasks.o(.text)
    uxTaskGetNumberOfTasks                   0x08008937   Thumb Code     6  tasks.o(.text)
    pcTaskGetName                            0x0800893d   Thumb Code    44  tasks.o(.text)
    vTaskGetInfo                             0x0800897f   Thumb Code   114  tasks.o(.text)
    uxTaskGetSystemState                     0x08008a5b   Thumb Code   152  tasks.o(.text)
    vTaskPlaceOnEventList                    0x08008af3   Thumb Code    52  tasks.o(.text)
    vTaskPlaceOnUnorderedEventList           0x08008b27   Thumb Code   100  tasks.o(.text)
    vTaskPlaceOnEventListRestricted          0x08008b8b   Thumb Code    60  tasks.o(.text)
    xTaskRemoveFromEventList                 0x08008bc7   Thumb Code   128  tasks.o(.text)
    xTaskRemoveFromUnorderedEventList        0x08008c47   Thumb Code   154  tasks.o(.text)
    vTaskSetTimeOutState                     0x08008ce1   Thumb Code    90  tasks.o(.text)
    xTaskCheckForTimeOut                     0x08008d3b   Thumb Code   132  tasks.o(.text)
    vTaskMissedYield                         0x08008dbf   Thumb Code     8  tasks.o(.text)
    uxTaskGetTaskNumber                      0x08008dc7   Thumb Code    14  tasks.o(.text)
    vTaskSetTaskNumber                       0x08008dd5   Thumb Code     8  tasks.o(.text)
    xTaskGetCurrentTaskHandle                0x08008ddd   Thumb Code     6  tasks.o(.text)
    xTaskGetSchedulerState                   0x08008de3   Thumb Code    24  tasks.o(.text)
    vTaskPriorityInherit                     0x08008dfb   Thumb Code   164  tasks.o(.text)
    xTaskPriorityDisinherit                  0x08008e9f   Thumb Code   188  tasks.o(.text)
    uxTaskResetEventItemValue                0x08008f5b   Thumb Code    24  tasks.o(.text)
    pvTaskIncrementMutexHeldCount            0x08008f73   Thumb Code    26  tasks.o(.text)
    ulTaskNotifyTake                         0x08008f8d   Thumb Code   108  tasks.o(.text)
    xTaskNotifyWait                          0x08008ff9   Thumb Code   150  tasks.o(.text)
    xTaskGenericNotify                       0x0800908f   Thumb Code   280  tasks.o(.text)
    xTaskGenericNotifyFromISR                0x080091a7   Thumb Code   298  tasks.o(.text)
    vTaskNotifyGiveFromISR                   0x080092d1   Thumb Code   216  tasks.o(.text)
    xTaskNotifyStateClear                    0x080093a9   Thumb Code    48  tasks.o(.text)
    xTimerGenericCommand                     0x08009445   Thumb Code   126  timers.o(.text)
    xTimerCreateTimerTask                    0x080097bd   Thumb Code   120  timers.o(.text)
    xTimerCreate                             0x08009883   Thumb Code    48  timers.o(.text)
    xTimerGetTimerDaemonTaskHandle           0x080098b3   Thumb Code    42  timers.o(.text)
    xTimerGetPeriod                          0x080098dd   Thumb Code    32  timers.o(.text)
    xTimerGetExpiryTime                      0x080098fd   Thumb Code    34  timers.o(.text)
    pcTimerGetName                           0x0800991f   Thumb Code    32  timers.o(.text)
    xTimerIsTimerActive                      0x0800993f   Thumb Code    56  timers.o(.text)
    pvTimerGetTimerID                        0x08009977   Thumb Code    44  timers.o(.text)
    vTimerSetTimerID                         0x080099a3   Thumb Code    44  timers.o(.text)
    pvPortMalloc                             0x08009a97   Thumb Code   296  heap_4.o(.text)
    vPortFree                                0x08009bbf   Thumb Code   140  heap_4.o(.text)
    xPortGetFreeHeapSize                     0x08009c4b   Thumb Code     6  heap_4.o(.text)
    xPortGetMinimumEverFreeHeapSize          0x08009c51   Thumb Code     6  heap_4.o(.text)
    vPortInitialiseBlocks                    0x08009c57   Thumb Code     2  heap_4.o(.text)
    pxPortInitialiseStack                    0x08009cad   Thumb Code    38  port.o(.text)
    vPortSetupTimerInterrupt                 0x08009cd3   Thumb Code    26  port.o(.text)
    xPortStartScheduler                      0x08009ced   Thumb Code   288  port.o(.text)
    vPortEndScheduler                        0x08009e0d   Thumb Code    42  port.o(.text)
    vPortEnterCritical                       0x08009e37   Thumb Code    78  port.o(.text)
    vPortExitCritical                        0x08009e85   Thumb Code    56  port.o(.text)
    xPortSysTickHandler                      0x08009ebd   Thumb Code    48  port.o(.text)
    vPortValidateInterruptPriority           0x08009eed   Thumb Code   108  port.o(.text)
    PidInit                                  0x08009f7d   Thumb Code    66  pid.o(.text)
    PidCalc                                  0x08009fbf   Thumb Code   214  pid.o(.text)
    MotorInit                                0x0800a099   Thumb Code    54  motor.o(.text)
    MotorCtrl                                0x0800a0cf   Thumb Code    72  motor.o(.text)
    USARTDataGet                             0x0800a121   Thumb Code   462  datatransfer.o(.text)
    Init_KalmanInfo                          0x0800a2fd   Thumb Code    42  kalman.o(.text)
    KalmanFilter                             0x0800a327   Thumb Code   426  kalman.o(.text)
    __use_no_semihosting                     0x0800a4e9   Thumb Code     2  use_no_semi_2.o(.text)
    __aeabi_ldivmod                          0x0800a4eb   Thumb Code     0  llsdiv.o(.text)
    _ll_sdiv                                 0x0800a4eb   Thumb Code    72  llsdiv.o(.text)
    __2printf                                0x0800a535   Thumb Code    20  noretval__2printf.o(.text)
    _printf_pre_padding                      0x0800a54d   Thumb Code    44  _printf_pad.o(.text)
    _printf_post_padding                     0x0800a579   Thumb Code    34  _printf_pad.o(.text)
    _printf_int_dec                          0x0800a59d   Thumb Code   104  _printf_dec.o(.text)
    _printf_int_hex                          0x0800a615   Thumb Code    84  _printf_hex_int.o(.text)
    _printf_longlong_hex                     0x0800a615   Thumb Code     0  _printf_hex_int.o(.text)
    __printf                                 0x0800a66d   Thumb Code   308  __printf_flags_wp.o(.text)
    memcmp                                   0x0800a7a5   Thumb Code    88  memcmp.o(.text)
    __aeabi_memcpy                           0x0800a7fd   Thumb Code     0  rt_memcpy_v6.o(.text)
    __rt_memcpy                              0x0800a7fd   Thumb Code   138  rt_memcpy_v6.o(.text)
    _memcpy_lastbytes                        0x0800a863   Thumb Code     0  rt_memcpy_v6.o(.text)
    __aeabi_memset                           0x0800a887   Thumb Code    16  aeabi_memset.o(.text)
    __use_two_region_memory                  0x0800a897   Thumb Code     2  heapauxi.o(.text)
    __rt_heap_escrow$2region                 0x0800a899   Thumb Code     2  heapauxi.o(.text)
    __rt_heap_expand$2region                 0x0800a89b   Thumb Code     2  heapauxi.o(.text)
    __I$use$semihosting                      0x0800a89d   Thumb Code     0  use_no_semi.o(.text)
    __use_no_semihosting_swi                 0x0800a89d   Thumb Code     2  use_no_semi.o(.text)
    __aeabi_uldivmod                         0x0800a89f   Thumb Code     0  lludivv7m.o(.text)
    _ll_udiv                                 0x0800a89f   Thumb Code   238  lludivv7m.o(.text)
    __read_errno                             0x0800a98d   Thumb Code    10  _rserrno.o(.text)
    __set_errno                              0x0800a997   Thumb Code    12  _rserrno.o(.text)
    _printf_int_common                       0x0800a9a3   Thumb Code   178  _printf_intcommon.o(.text)
    __lib_sel_fp_printf                      0x0800aa55   Thumb Code     2  _printf_fp_dec.o(.text)
    _printf_fp_dec_real                      0x0800ac03   Thumb Code   620  _printf_fp_dec.o(.text)
    _printf_char_file                        0x0800ae71   Thumb Code    32  _printf_char_file.o(.text)
    __aeabi_memcpy4                          0x0800ae95   Thumb Code     0  rt_memcpy_w.o(.text)
    __aeabi_memcpy8                          0x0800ae95   Thumb Code     0  rt_memcpy_w.o(.text)
    __rt_memcpy_w                            0x0800ae95   Thumb Code   100  rt_memcpy_w.o(.text)
    _memcpy_lastbytes_aligned                0x0800aedd   Thumb Code     0  rt_memcpy_w.o(.text)
    __aeabi_memclr                           0x0800aef9   Thumb Code     0  rt_memclr.o(.text)
    __rt_memclr                              0x0800aef9   Thumb Code    68  rt_memclr.o(.text)
    _memset                                  0x0800aefd   Thumb Code     0  rt_memclr.o(.text)
    __rt_locale                              0x0800af3d   Thumb Code     8  rt_locale_intlibspace.o(.text)
    __aeabi_errno_addr                       0x0800af45   Thumb Code     8  rt_errno_addr_intlibspace.o(.text)
    __errno$intlibspace                      0x0800af45   Thumb Code     0  rt_errno_addr_intlibspace.o(.text)
    __rt_errno_addr$intlibspace              0x0800af45   Thumb Code     0  rt_errno_addr_intlibspace.o(.text)
    _ll_udiv10                               0x0800af4d   Thumb Code   138  lludiv10.o(.text)
    _printf_char_common                      0x0800afe3   Thumb Code    32  _printf_char_common.o(.text)
    _printf_fp_infnan                        0x0800b009   Thumb Code   112  _printf_fp_infnan.o(.text)
    _btod_etento                             0x0800b089   Thumb Code   216  bigflt0.o(.text)
    ferror                                   0x0800b165   Thumb Code     8  ferror.o(.text)
    __aeabi_memclr4                          0x0800b16d   Thumb Code     0  rt_memclr_w.o(.text)
    __aeabi_memclr8                          0x0800b16d   Thumb Code     0  rt_memclr_w.o(.text)
    __rt_memclr_w                            0x0800b16d   Thumb Code    78  rt_memclr_w.o(.text)
    _memset_w                                0x0800b171   Thumb Code     0  rt_memclr_w.o(.text)
    __user_libspace                          0x0800b1bd   Thumb Code     8  libspace.o(.text)
    __user_perproc_libspace                  0x0800b1bd   Thumb Code     0  libspace.o(.text)
    __user_perthread_libspace                0x0800b1bd   Thumb Code     0  libspace.o(.text)
    __user_setup_stackheap                   0x0800b1c5   Thumb Code    74  sys_stackheap_outer.o(.text)
    exit                                     0x0800b20f   Thumb Code    12  exit.o(.text)
    strcmp                                   0x0800b21d   Thumb Code   128  strcmpv7m.o(.text)
    _btod_d2e                                0x0800b29d   Thumb Code    62  btod.o(CL$$btod_d2e)
    _d2e_denorm_low                          0x0800b2db   Thumb Code    70  btod.o(CL$$btod_d2e_denorm_low)
    _d2e_norm_op1                            0x0800b321   Thumb Code    96  btod.o(CL$$btod_d2e_norm_op1)
    __btod_div_common                        0x0800b381   Thumb Code   696  btod.o(CL$$btod_div_common)
    _e2e                                     0x0800b6b9   Thumb Code   198  btod.o(CL$$btod_e2e)
    _btod_ediv                               0x0800b77f   Thumb Code    40  btod.o(CL$$btod_ediv)
    _btod_emul                               0x0800b7a7   Thumb Code    40  btod.o(CL$$btod_emul)
    __btod_mult_common                       0x0800b7cf   Thumb Code   580  btod.o(CL$$btod_mult_common)
    __ARM_fpclassify                         0x0800ba13   Thumb Code    48  fpclassify.o(i.__ARM_fpclassify)
    __hardfp_asin                            0x0800ba49   Thumb Code   770  asin.o(i.__hardfp_asin)
    __hardfp_atan                            0x0800bda9   Thumb Code   622  atan.o(i.__hardfp_atan)
    __hardfp_atan2                           0x0800c081   Thumb Code   432  atan2.o(i.__hardfp_atan2)
    __hardfp_fabs                            0x0800c271   Thumb Code    20  fabs.o(i.__hardfp_fabs)
    __hardfp_sqrt                            0x0800c285   Thumb Code   122  sqrt.o(i.__hardfp_sqrt)
    __kernel_poly                            0x0800c2ff   Thumb Code   248  poly.o(i.__kernel_poly)
    __mathlib_dbl_infnan                     0x0800c3f7   Thumb Code    20  dunder.o(i.__mathlib_dbl_infnan)
    __mathlib_dbl_infnan2                    0x0800c40b   Thumb Code    20  dunder.o(i.__mathlib_dbl_infnan2)
    __mathlib_dbl_invalid                    0x0800c421   Thumb Code    24  dunder.o(i.__mathlib_dbl_invalid)
    __mathlib_dbl_underflow                  0x0800c441   Thumb Code    24  dunder.o(i.__mathlib_dbl_underflow)
    _is_digit                                0x0800c461   Thumb Code    14  __printf_wp.o(i._is_digit)
    atan                                     0x0800c46f   Thumb Code    16  atan.o(i.atan)
    fabs                                     0x0800c47f   Thumb Code    24  fabs.o(i.fabs)
    sqrt                                     0x0800c497   Thumb Code   110  sqrt.o(i.sqrt)
    _get_lc_numeric                          0x0800c505   Thumb Code    44  lc_numeric_c.o(locale$$code)
    __aeabi_dneg                             0x0800c531   Thumb Code     0  basic.o(x$fpl$basic)
    _dneg                                    0x0800c531   Thumb Code     6  basic.o(x$fpl$basic)
    __aeabi_fneg                             0x0800c537   Thumb Code     0  basic.o(x$fpl$basic)
    _fneg                                    0x0800c537   Thumb Code     6  basic.o(x$fpl$basic)
    _dabs                                    0x0800c53d   Thumb Code     6  basic.o(x$fpl$basic)
    _fabs                                    0x0800c543   Thumb Code     6  basic.o(x$fpl$basic)
    __aeabi_d2f                              0x0800c549   Thumb Code     0  d2f.o(x$fpl$d2f)
    _d2f                                     0x0800c549   Thumb Code    98  d2f.o(x$fpl$d2f)
    __aeabi_dadd                             0x0800c5ad   Thumb Code     0  daddsub_clz.o(x$fpl$dadd)
    _dadd                                    0x0800c5ad   Thumb Code   332  daddsub_clz.o(x$fpl$dadd)
    __aeabi_ddiv                             0x0800c6fd   Thumb Code     0  ddiv.o(x$fpl$ddiv)
    _ddiv                                    0x0800c6fd   Thumb Code   552  ddiv.o(x$fpl$ddiv)
    __aeabi_i2d                              0x0800c9ad   Thumb Code     0  dflt_clz.o(x$fpl$dflt)
    _dflt                                    0x0800c9ad   Thumb Code    46  dflt_clz.o(x$fpl$dflt)
    __aeabi_dmul                             0x0800c9dd   Thumb Code     0  dmul.o(x$fpl$dmul)
    _dmul                                    0x0800c9dd   Thumb Code   332  dmul.o(x$fpl$dmul)
    __fpl_dnaninf                            0x0800cb31   Thumb Code   156  dnaninf.o(x$fpl$dnaninf)
    __fpl_dretinf                            0x0800cbcd   Thumb Code    12  dretinf.o(x$fpl$dretinf)
    __aeabi_drsub                            0x0800cbd9   Thumb Code     0  daddsub_clz.o(x$fpl$drsb)
    _drsb                                    0x0800cbd9   Thumb Code    22  daddsub_clz.o(x$fpl$drsb)
    _dsqrt                                   0x0800cbf1   Thumb Code   404  dsqrt_umaal.o(x$fpl$dsqrt)
    __aeabi_dsub                             0x0800cd89   Thumb Code     0  daddsub_clz.o(x$fpl$dsub)
    _dsub                                    0x0800cd89   Thumb Code   464  daddsub_clz.o(x$fpl$dsub)
    __aeabi_f2d                              0x0800cf5d   Thumb Code     0  f2d.o(x$fpl$f2d)
    _f2d                                     0x0800cf5d   Thumb Code    86  f2d.o(x$fpl$f2d)
    __fpl_fnaninf                            0x0800cfb3   Thumb Code   140  fnaninf.o(x$fpl$fnaninf)
    _fp_init                                 0x0800d03f   Thumb Code    10  fpinit.o(x$fpl$fpinit)
    __fplib_config_fpu_vfp                   0x0800d047   Thumb Code     0  fpinit.o(x$fpl$fpinit)
    __fplib_config_pureend_doubles           0x0800d047   Thumb Code     0  fpinit.o(x$fpl$fpinit)
    __fpl_fretinf                            0x0800d049   Thumb Code    10  fretinf.o(x$fpl$fretinf)
    _printf_fp_dec                           0x0800d053   Thumb Code     4  printf1.o(x$fpl$printf1)
    __I$use$fp                               0x0800d056   Number         0  usenofp.o(x$fpl$usenofp)
    reg                                      0x0800d058   Data          27  inv_mpu.o(.constdata)
    hw                                       0x0800d074   Data          12  inv_mpu.o(.constdata)
    test                                     0x0800d080   Data          40  inv_mpu.o(.constdata)
    __mathlib_zero                           0x0800ddc0   Data           8  qnan.o(.constdata)
    Region$$Table$$Base                      0x0800deac   Number         0  anon$$obj.o(Region$$Table)
    Region$$Table$$Limit                     0x0800decc   Number         0  anon$$obj.o(Region$$Table)
    StartTask_Handler                        0x20000000   Data           4  main.o(.data)
    LED0Task_Handler                         0x20000004   Data           4  main.o(.data)
    LED1Task_Handler                         0x20000008   Data           4  main.o(.data)
    IMUTask_Handler                          0x2000000c   Data           4  main.o(.data)
    DataTransTask_Handler                    0x20000010   Data           4  main.o(.data)
    ChassisCtrlTask_Handler                  0x20000014   Data           4  main.o(.data)
    SpeedQueue                               0x20000018   Data           4  main.o(.data)
    Ia                                       0x2000001c   Data           4  main.o(.data)
    IaK                                      0x20000020   Data           4  main.o(.data)
    IaInt                                    0x20000024   Data           4  main.o(.data)
    IaKInt                                   0x20000028   Data           4  main.o(.data)
    SystemCoreClock                          0x2000002c   Data           4  system_stm32f4xx.o(.data)
    AHBPrescTable                            0x20000030   Data          16  system_stm32f4xx.o(.data)
    __stdout                                 0x20000054   Data           4  usart.o(.data)
    USART_RX_STA                             0x20000058   Data           2  usart.o(.data)
    pxCurrentTCB                             0x200000b0   Data           4  tasks.o(.data)
    info                                     0x20000128   Data          56  main.o(.bss)
    USART_RX_BUF                             0x20000160   Data         200  usart.o(.bss)
    ANGLE                                    0x20000238   Data          12  my6050.o(.bss)
    Adc_Value                                0x20000244   Data          60  adc.o(.bss)
    xQueueRegistry                           0x20000280   Data          64  queue.o(.bss)
    MotorLeft                                0x20012fb0   Data         116  chassis.o(.bss)
    MotorRight                               0x20013024   Data         116  chassis.o(.bss)
    __libspace_start                         0x20013098   Data          96  libspace.o(.bss)
    __temporary_stack_top$libspace           0x200130f8   Data           0  libspace.o(.bss)



==============================================================================

Memory Map of the image

  Image Entry point : 0x08000189

  Load Region LR_IROM1 (Base: 0x08000000, Size: 0x0000e00c, Max: 0x00100000, ABSOLUTE)

    Execution Region ER_IROM1 (Base: 0x08000000, Size: 0x0000dee8, Max: 0x00100000, ABSOLUTE)

    Base Addr    Size         Type   Attr      Idx    E Section Name        Object

    0x08000000   0x00000188   Data   RO          300    RESET               startup_stm32f40_41xxx.o
    0x08000188   0x00000008   Code   RO         1199  * !!!main             c_w.l(__main.o)
    0x08000190   0x00000034   Code   RO         1552    !!!scatter          c_w.l(__scatter.o)
    0x080001c4   0x0000001a   Code   RO         1554    !!handler_copy      c_w.l(__scatter_copy.o)
    0x080001de   0x00000002   PAD
    0x080001e0   0x0000001c   Code   RO         1556    !!handler_zi        c_w.l(__scatter_zi.o)
    0x080001fc   0x00000000   Code   RO         1190    .ARM.Collect$$_printf_percent$$00000000  c_w.l(_printf_percent.o)
    0x080001fc   0x00000006   Code   RO         1189    .ARM.Collect$$_printf_percent$$00000003  c_w.l(_printf_f.o)
    0x08000202   0x00000006   Code   RO         1188    .ARM.Collect$$_printf_percent$$00000009  c_w.l(_printf_d.o)
    0x08000208   0x00000006   Code   RO         1187    .ARM.Collect$$_printf_percent$$0000000C  c_w.l(_printf_x.o)
    0x0800020e   0x00000004   Code   RO         1282    .ARM.Collect$$_printf_percent$$00000017  c_w.l(_printf_percent_end.o)
    0x08000212   0x00000002   Code   RO         1426    .ARM.Collect$$libinit$$00000000  c_w.l(libinit.o)
    0x08000214   0x00000004   Code   RO         1427    .ARM.Collect$$libinit$$00000001  c_w.l(libinit2.o)
    0x08000218   0x00000000   Code   RO         1430    .ARM.Collect$$libinit$$00000004  c_w.l(libinit2.o)
    0x08000218   0x00000000   Code   RO         1433    .ARM.Collect$$libinit$$0000000A  c_w.l(libinit2.o)
    0x08000218   0x00000000   Code   RO         1435    .ARM.Collect$$libinit$$0000000C  c_w.l(libinit2.o)
    0x08000218   0x00000000   Code   RO         1437    .ARM.Collect$$libinit$$0000000E  c_w.l(libinit2.o)
    0x08000218   0x00000006   Code   RO         1438    .ARM.Collect$$libinit$$0000000F  c_w.l(libinit2.o)
    0x0800021e   0x00000000   Code   RO         1440    .ARM.Collect$$libinit$$00000011  c_w.l(libinit2.o)
    0x0800021e   0x00000000   Code   RO         1442    .ARM.Collect$$libinit$$00000013  c_w.l(libinit2.o)
    0x0800021e   0x00000000   Code   RO         1444    .ARM.Collect$$libinit$$00000015  c_w.l(libinit2.o)
    0x0800021e   0x0000000a   Code   RO         1445    .ARM.Collect$$libinit$$00000016  c_w.l(libinit2.o)
    0x08000228   0x00000000   Code   RO         1446    .ARM.Collect$$libinit$$00000017  c_w.l(libinit2.o)
    0x08000228   0x00000000   Code   RO         1448    .ARM.Collect$$libinit$$00000019  c_w.l(libinit2.o)
    0x08000228   0x00000000   Code   RO         1450    .ARM.Collect$$libinit$$0000001B  c_w.l(libinit2.o)
    0x08000228   0x00000000   Code   RO         1452    .ARM.Collect$$libinit$$0000001D  c_w.l(libinit2.o)
    0x08000228   0x00000000   Code   RO         1454    .ARM.Collect$$libinit$$0000001F  c_w.l(libinit2.o)
    0x08000228   0x00000000   Code   RO         1456    .ARM.Collect$$libinit$$00000021  c_w.l(libinit2.o)
    0x08000228   0x00000000   Code   RO         1458    .ARM.Collect$$libinit$$00000023  c_w.l(libinit2.o)
    0x08000228   0x00000000   Code   RO         1460    .ARM.Collect$$libinit$$00000025  c_w.l(libinit2.o)
    0x08000228   0x00000000   Code   RO         1464    .ARM.Collect$$libinit$$0000002C  c_w.l(libinit2.o)
    0x08000228   0x00000000   Code   RO         1466    .ARM.Collect$$libinit$$0000002E  c_w.l(libinit2.o)
    0x08000228   0x00000000   Code   RO         1468    .ARM.Collect$$libinit$$00000030  c_w.l(libinit2.o)
    0x08000228   0x00000000   Code   RO         1470    .ARM.Collect$$libinit$$00000032  c_w.l(libinit2.o)
    0x08000228   0x00000002   Code   RO         1471    .ARM.Collect$$libinit$$00000033  c_w.l(libinit2.o)
    0x0800022a   0x00000002   Code   RO         1513    .ARM.Collect$$libshutdown$$00000000  c_w.l(libshutdown.o)
    0x0800022c   0x00000000   Code   RO         1523    .ARM.Collect$$libshutdown$$00000003  c_w.l(libshutdown2.o)
    0x0800022c   0x00000000   Code   RO         1526    .ARM.Collect$$libshutdown$$00000006  c_w.l(libshutdown2.o)
    0x0800022c   0x00000000   Code   RO         1529    .ARM.Collect$$libshutdown$$00000009  c_w.l(libshutdown2.o)
    0x0800022c   0x00000000   Code   RO         1531    .ARM.Collect$$libshutdown$$0000000B  c_w.l(libshutdown2.o)
    0x0800022c   0x00000000   Code   RO         1534    .ARM.Collect$$libshutdown$$0000000E  c_w.l(libshutdown2.o)
    0x0800022c   0x00000002   Code   RO         1535    .ARM.Collect$$libshutdown$$0000000F  c_w.l(libshutdown2.o)
    0x0800022e   0x00000000   Code   RO         1271    .ARM.Collect$$rtentry$$00000000  c_w.l(__rtentry.o)
    0x0800022e   0x00000000   Code   RO         1336    .ARM.Collect$$rtentry$$00000002  c_w.l(__rtentry2.o)
    0x0800022e   0x00000006   Code   RO         1348    .ARM.Collect$$rtentry$$00000004  c_w.l(__rtentry4.o)
    0x08000234   0x00000000   Code   RO         1338    .ARM.Collect$$rtentry$$00000009  c_w.l(__rtentry2.o)
    0x08000234   0x00000004   Code   RO         1339    .ARM.Collect$$rtentry$$0000000A  c_w.l(__rtentry2.o)
    0x08000238   0x00000000   Code   RO         1341    .ARM.Collect$$rtentry$$0000000C  c_w.l(__rtentry2.o)
    0x08000238   0x00000008   Code   RO         1342    .ARM.Collect$$rtentry$$0000000D  c_w.l(__rtentry2.o)
    0x08000240   0x00000002   Code   RO         1472    .ARM.Collect$$rtexit$$00000000  c_w.l(rtexit.o)
    0x08000242   0x00000000   Code   RO         1483    .ARM.Collect$$rtexit$$00000002  c_w.l(rtexit2.o)
    0x08000242   0x00000004   Code   RO         1484    .ARM.Collect$$rtexit$$00000003  c_w.l(rtexit2.o)
    0x08000246   0x00000006   Code   RO         1485    .ARM.Collect$$rtexit$$00000004  c_w.l(rtexit2.o)
    0x0800024c   0x000000b6   Code   RO          990    .emb_text           port.o
    0x08000302   0x00000014   Code   RO            3    .text               stm32f4xx_it.o
    0x08000316   0x00000002   PAD
    0x08000318   0x00000310   Code   RO          133    .text               main.o
    0x08000628   0x00000210   Code   RO          274    .text               system_stm32f4xx.o
    0x08000838   0x00000040   Code   RO          301    .text               startup_stm32f40_41xxx.o
    0x08000878   0x000000e0   Code   RO          307    .text               misc.o
    0x08000958   0x00000464   Code   RO          327    .text               stm32f4xx_adc.o
    0x08000dbc   0x000003a8   Code   RO          410    .text               stm32f4xx_dma.o
    0x08001164   0x00000294   Code   RO          450    .text               stm32f4xx_gpio.o
    0x080013f8   0x0000065c   Code   RO          490    .text               stm32f4xx_rcc.o
    0x08001a54   0x00000ca2   Code   RO          532    .text               stm32f4xx_tim.o
    0x080026f6   0x00000002   PAD
    0x080026f8   0x00000454   Code   RO          552    .text               stm32f4xx_usart.o
    0x08002b4c   0x000000ec   Code   RO          572    .text               delay.o
    0x08002c38   0x00000154   Code   RO          618    .text               usart.o
    0x08002d8c   0x00000074   Code   RO          652    .text               led.o
    0x08002e00   0x0000025c   Code   RO          672    .text               i2c.o
    0x0800305c   0x00000384   Code   RO          692    .text               mpu6050.o
    0x080033e0   0x000022c0   Code   RO          712    .text               inv_mpu.o
    0x080056a0   0x00000d90   Code   RO          750    .text               inv_mpu_dmp_motion_driver.o
    0x08006430   0x00000780   Code   RO          779    .text               my6050.o
    0x08006bb0   0x00000230   Code   RO          806    .text               timer.o
    0x08006de0   0x0000018c   Code   RO          826    .text               adc.o
    0x08006f6c   0x00000094   Code   RO          899    .text               list.o
    0x08007000   0x00000c30   Code   RO          911    .text               queue.o
    0x08007c30   0x000017c4   Code   RO          929    .text               tasks.o
    0x080093f4   0x000005e0   Code   RO          948    .text               timers.o
    0x080099d4   0x0000029c   Code   RO          975    .text               heap_4.o
    0x08009c70   0x0000030c   Code   RO          991    .text               port.o
    0x08009f7c   0x0000011c   Code   RO         1022    .text               pid.o
    0x0800a098   0x00000088   Code   RO         1042    .text               motor.o
    0x0800a120   0x000001dc   Code   RO         1062    .text               datatransfer.o
    0x0800a2fc   0x000001ec   Code   RO         1083    .text               kalman.o
    0x0800a4e8   0x00000002   Code   RO         1132    .text               c_w.l(use_no_semi_2.o)
    0x0800a4ea   0x00000048   Code   RO         1134    .text               c_w.l(llsdiv.o)
    0x0800a532   0x00000002   PAD
    0x0800a534   0x00000018   Code   RO         1138    .text               c_w.l(noretval__2printf.o)
    0x0800a54c   0x0000004e   Code   RO         1142    .text               c_w.l(_printf_pad.o)
    0x0800a59a   0x00000002   PAD
    0x0800a59c   0x00000078   Code   RO         1144    .text               c_w.l(_printf_dec.o)
    0x0800a614   0x00000058   Code   RO         1149    .text               c_w.l(_printf_hex_int.o)
    0x0800a66c   0x00000138   Code   RO         1179    .text               c_w.l(__printf_flags_wp.o)
    0x0800a7a4   0x00000058   Code   RO         1191    .text               c_w.l(memcmp.o)
    0x0800a7fc   0x0000008a   Code   RO         1193    .text               c_w.l(rt_memcpy_v6.o)
    0x0800a886   0x00000010   Code   RO         1195    .text               c_w.l(aeabi_memset.o)
    0x0800a896   0x00000006   Code   RO         1197    .text               c_w.l(heapauxi.o)
    0x0800a89c   0x00000002   Code   RO         1269    .text               c_w.l(use_no_semi.o)
    0x0800a89e   0x000000ee   Code   RO         1272    .text               c_w.l(lludivv7m.o)
    0x0800a98c   0x00000016   Code   RO         1274    .text               c_w.l(_rserrno.o)
    0x0800a9a2   0x000000b2   Code   RO         1276    .text               c_w.l(_printf_intcommon.o)
    0x0800aa54   0x0000041a   Code   RO         1278    .text               c_w.l(_printf_fp_dec.o)
    0x0800ae6e   0x00000002   PAD
    0x0800ae70   0x00000024   Code   RO         1280    .text               c_w.l(_printf_char_file.o)
    0x0800ae94   0x00000064   Code   RO         1283    .text               c_w.l(rt_memcpy_w.o)
    0x0800aef8   0x00000044   Code   RO         1285    .text               c_w.l(rt_memclr.o)
    0x0800af3c   0x00000008   Code   RO         1357    .text               c_w.l(rt_locale_intlibspace.o)
    0x0800af44   0x00000008   Code   RO         1362    .text               c_w.l(rt_errno_addr_intlibspace.o)
    0x0800af4c   0x0000008a   Code   RO         1364    .text               c_w.l(lludiv10.o)
    0x0800afd6   0x00000002   PAD
    0x0800afd8   0x00000030   Code   RO         1366    .text               c_w.l(_printf_char_common.o)
    0x0800b008   0x00000080   Code   RO         1368    .text               c_w.l(_printf_fp_infnan.o)
    0x0800b088   0x000000dc   Code   RO         1370    .text               c_w.l(bigflt0.o)
    0x0800b164   0x00000008   Code   RO         1395    .text               c_w.l(ferror.o)
    0x0800b16c   0x0000004e   Code   RO         1402    .text               c_w.l(rt_memclr_w.o)
    0x0800b1ba   0x00000002   PAD
    0x0800b1bc   0x00000008   Code   RO         1408    .text               c_w.l(libspace.o)
    0x0800b1c4   0x0000004a   Code   RO         1411    .text               c_w.l(sys_stackheap_outer.o)
    0x0800b20e   0x0000000c   Code   RO         1417    .text               c_w.l(exit.o)
    0x0800b21a   0x00000002   PAD
    0x0800b21c   0x00000080   Code   RO         1419    .text               c_w.l(strcmpv7m.o)
    0x0800b29c   0x0000003e   Code   RO         1373    CL$$btod_d2e        c_w.l(btod.o)
    0x0800b2da   0x00000046   Code   RO         1375    CL$$btod_d2e_denorm_low  c_w.l(btod.o)
    0x0800b320   0x00000060   Code   RO         1374    CL$$btod_d2e_norm_op1  c_w.l(btod.o)
    0x0800b380   0x00000338   Code   RO         1383    CL$$btod_div_common  c_w.l(btod.o)
    0x0800b6b8   0x000000c6   Code   RO         1380    CL$$btod_e2e        c_w.l(btod.o)
    0x0800b77e   0x00000028   Code   RO         1377    CL$$btod_ediv       c_w.l(btod.o)
    0x0800b7a6   0x00000028   Code   RO         1376    CL$$btod_emul       c_w.l(btod.o)
    0x0800b7ce   0x00000244   Code   RO         1382    CL$$btod_mult_common  c_w.l(btod.o)
    0x0800ba12   0x00000030   Code   RO         1330    i.__ARM_fpclassify  m_wm.l(fpclassify.o)
    0x0800ba42   0x00000006   PAD
    0x0800ba48   0x00000360   Code   RO         1225    i.__hardfp_asin     m_wm.l(asin.o)
    0x0800bda8   0x000002d8   Code   RO         1302    i.__hardfp_atan     m_wm.l(atan.o)
    0x0800c080   0x000001f0   Code   RO         1239    i.__hardfp_atan2    m_wm.l(atan2.o)
    0x0800c270   0x00000014   Code   RO         1251    i.__hardfp_fabs     m_wm.l(fabs.o)
    0x0800c284   0x0000007a   Code   RO         1257    i.__hardfp_sqrt     m_wm.l(sqrt.o)
    0x0800c2fe   0x000000f8   Code   RO         1332    i.__kernel_poly     m_wm.l(poly.o)
    0x0800c3f6   0x00000014   Code   RO         1317    i.__mathlib_dbl_infnan  m_wm.l(dunder.o)
    0x0800c40a   0x00000014   Code   RO         1318    i.__mathlib_dbl_infnan2  m_wm.l(dunder.o)
    0x0800c41e   0x00000002   PAD
    0x0800c420   0x00000020   Code   RO         1319    i.__mathlib_dbl_invalid  m_wm.l(dunder.o)
    0x0800c440   0x00000020   Code   RO         1322    i.__mathlib_dbl_underflow  m_wm.l(dunder.o)
    0x0800c460   0x0000000e   Code   RO         1177    i._is_digit         c_w.l(__printf_wp.o)
    0x0800c46e   0x00000010   Code   RO         1304    i.atan              m_wm.l(atan.o)
    0x0800c47e   0x00000018   Code   RO         1253    i.fabs              m_wm.l(fabs.o)
    0x0800c496   0x0000006e   Code   RO         1259    i.sqrt              m_wm.l(sqrt.o)
    0x0800c504   0x0000002c   Code   RO         1400    locale$$code        c_w.l(lc_numeric_c.o)
    0x0800c530   0x00000018   Code   RO         1287    x$fpl$basic         fz_wm.l(basic.o)
    0x0800c548   0x00000062   Code   RO         1201    x$fpl$d2f           fz_wm.l(d2f.o)
    0x0800c5aa   0x00000002   PAD
    0x0800c5ac   0x00000150   Code   RO         1203    x$fpl$dadd          fz_wm.l(daddsub_clz.o)
    0x0800c6fc   0x000002b0   Code   RO         1210    x$fpl$ddiv          fz_wm.l(ddiv.o)
    0x0800c9ac   0x0000002e   Code   RO         1214    x$fpl$dflt          fz_wm.l(dflt_clz.o)
    0x0800c9da   0x00000002   PAD
    0x0800c9dc   0x00000154   Code   RO         1219    x$fpl$dmul          fz_wm.l(dmul.o)
    0x0800cb30   0x0000009c   Code   RO         1291    x$fpl$dnaninf       fz_wm.l(dnaninf.o)
    0x0800cbcc   0x0000000c   Code   RO         1293    x$fpl$dretinf       fz_wm.l(dretinf.o)
    0x0800cbd8   0x00000016   Code   RO         1204    x$fpl$drsb          fz_wm.l(daddsub_clz.o)
    0x0800cbee   0x00000002   PAD
    0x0800cbf0   0x00000198   Code   RO         1295    x$fpl$dsqrt         fz_wm.l(dsqrt_umaal.o)
    0x0800cd88   0x000001d4   Code   RO         1205    x$fpl$dsub          fz_wm.l(daddsub_clz.o)
    0x0800cf5c   0x00000056   Code   RO         1221    x$fpl$f2d           fz_wm.l(f2d.o)
    0x0800cfb2   0x0000008c   Code   RO         1297    x$fpl$fnaninf       fz_wm.l(fnaninf.o)
    0x0800d03e   0x0000000a   Code   RO         1480    x$fpl$fpinit        fz_wm.l(fpinit.o)
    0x0800d048   0x0000000a   Code   RO         1299    x$fpl$fretinf       fz_wm.l(fretinf.o)
    0x0800d052   0x00000004   Code   RO         1223    x$fpl$printf1       fz_wm.l(printf1.o)
    0x0800d056   0x00000000   Code   RO         1301    x$fpl$usenofp       fz_wm.l(usenofp.o)
    0x0800d056   0x00000002   PAD
    0x0800d058   0x00000050   Data   RO          713    .constdata          inv_mpu.o
    0x0800d0a8   0x00000bf6   Data   RO          752    .constdata          inv_mpu_dmp_motion_driver.o
    0x0800dc9e   0x00000028   Data   RO         1150    .constdata          c_w.l(_printf_hex_int.o)
    0x0800dcc6   0x00000011   Data   RO         1180    .constdata          c_w.l(__printf_flags_wp.o)
    0x0800dcd7   0x00000001   PAD
    0x0800dcd8   0x00000050   Data   RO         1228    .constdata          m_wm.l(asin.o)
    0x0800dd28   0x00000098   Data   RO         1305    .constdata          m_wm.l(atan.o)
    0x0800ddc0   0x00000008   Data   RO         1334    .constdata          m_wm.l(qnan.o)
    0x0800ddc8   0x00000094   Data   RO         1371    .constdata          c_w.l(bigflt0.o)
    0x0800de5c   0x0000004d   Data   RO          714    .conststring        inv_mpu.o
    0x0800dea9   0x00000003   PAD
    0x0800deac   0x00000020   Data   RO         1550    Region$$Table       anon$$obj.o
    0x0800decc   0x0000001c   Data   RO         1399    locale$$data        c_w.l(lc_numeric_c.o)


    Execution Region RW_IRAM1 (Base: 0x20000000, Size: 0x000136f8, Max: 0x00020000, ABSOLUTE)

    Base Addr    Size         Type   Attr      Idx    E Section Name        Object

    0x20000000   0x0000002c   Data   RW          135    .data               main.o
    0x2000002c   0x00000014   Data   RW          275    .data               system_stm32f4xx.o
    0x20000040   0x00000010   Data   RW          491    .data               stm32f4xx_rcc.o
    0x20000050   0x00000004   Data   RW          573    .data               delay.o
    0x20000054   0x00000006   Data   RW          620    .data               usart.o
    0x2000005a   0x00000002   PAD
    0x2000005c   0x00000035   Data   RW          715    .data               inv_mpu.o
    0x20000091   0x00000003   PAD
    0x20000094   0x0000001c   Data   RW          781    .data               my6050.o
    0x200000b0   0x0000003c   Data   RW          931    .data               tasks.o
    0x200000ec   0x00000014   Data   RW          950    .data               timers.o
    0x20000100   0x00000018   Data   RW          977    .data               heap_4.o
    0x20000118   0x0000000c   Data   RW          992    .data               port.o
    0x20000124   0x00000004   PAD
    0x20000128   0x00000038   Zero   RW          134    .bss                main.o
    0x20000160   0x000000c8   Zero   RW          619    .bss                usart.o
    0x20000228   0x00000010   Zero   RW          751    .bss                inv_mpu_dmp_motion_driver.o
    0x20000238   0x0000000c   Zero   RW          780    .bss                my6050.o
    0x20000244   0x0000003c   Zero   RW          827    .bss                adc.o
    0x20000280   0x00000040   Zero   RW          912    .bss                queue.o
    0x200002c0   0x000000c8   Zero   RW          930    .bss                tasks.o
    0x20000388   0x00000028   Zero   RW          949    .bss                timers.o
    0x200003b0   0x00012c00   Zero   RW          976    .bss                heap_4.o
    0x20012fb0   0x000000e8   Zero   RW         1104    .bss                chassis.o
    0x20013098   0x00000060   Zero   RW         1409    .bss                c_w.l(libspace.o)
    0x200130f8   0x00000200   Zero   RW          299    HEAP                startup_stm32f40_41xxx.o
    0x200132f8   0x00000400   Zero   RW          298    STACK               startup_stm32f40_41xxx.o


==============================================================================

Image component sizes


      Code (inc. data)   RO Data    RW Data    ZI Data      Debug   Object Name

       396         32          0          0         60       1882   adc.o
         0          0          0          0        232        307   chassis.o
       476         14          0          0          0       1035   datatransfer.o
       236         10          0          4          0       1729   delay.o
         0          0          0          0          0      12000   event_groups.o
       668         24          0         24      76800       3892   heap_4.o
       604         14          0          0          0       1944   i2c.o
      8896        222        157         53          0      24005   inv_mpu.o
      3472        142       3062          0         16      15383   inv_mpu_dmp_motion_driver.o
       492         24          0          0          0       1431   kalman.o
       116          4          0          0          0        746   led.o
       148          0          0          0          0       2046   list.o
       784        166          0         44         56     260657   main.o
       224         20          0          0          0       1921   misc.o
       136         10          0          0          0       1054   motor.o
       900         22          0          0          0       4355   mpu6050.o
      1920        112          0         28         12       2632   my6050.o
       284          4          0          0          0       1378   pid.o
       962         52          0         12          0       9095   port.o
      3120         14          0          0         64      15972   queue.o
        64         26        392          0       1536        876   startup_stm32f40_41xxx.o
      1124         24          0          0          0      10594   stm32f4xx_adc.o
       936         32          0          0          0       6401   stm32f4xx_dma.o
       660         44          0          0          0       4201   stm32f4xx_gpio.o
        20          0          0          0          0      66231   stm32f4xx_it.o
      1628         52          0         16          0      13036   stm32f4xx_rcc.o
      3234         60          0          0          0      22404   stm32f4xx_tim.o
      1108         34          0          0          0       7900   stm32f4xx_usart.o
       528         46          0         20          0       1939   system_stm32f4xx.o
      6084        338          0         60        200      25286   tasks.o
       560         22          0          0          0       1389   timer.o
      1504         68          0         20         40      16799   timers.o
       340         16          0          6        200       3538   usart.o

    ----------------------------------------------------------------------
     41628       1648       3646        292      79220     544058   Object Totals
         0          0         32          0          0          0   (incl. Generated)
         4          0          3          5          4          0   (incl. Padding)

    ----------------------------------------------------------------------

      Code (inc. data)   RO Data    RW Data    ZI Data      Debug   Library Member Name

         8          0          0          0          0         68   __main.o
       312          4         17          0          0         92   __printf_flags_wp.o
        14          0          0          0          0         68   __printf_wp.o
         0          0          0          0          0          0   __rtentry.o
        12          0          0          0          0          0   __rtentry2.o
         6          0          0          0          0          0   __rtentry4.o
        52          8          0          0          0          0   __scatter.o
        26          0          0          0          0          0   __scatter_copy.o
        28          0          0          0          0          0   __scatter_zi.o
        48          6          0          0          0         96   _printf_char_common.o
        36          4          0          0          0         80   _printf_char_file.o
         6          0          0          0          0          0   _printf_d.o
       120         16          0          0          0         92   _printf_dec.o
         6          0          0          0          0          0   _printf_f.o
      1050          0          0          0          0        216   _printf_fp_dec.o
       128         16          0          0          0         84   _printf_fp_infnan.o
        88          4         40          0          0         88   _printf_hex_int.o
       178          0          0          0          0         88   _printf_intcommon.o
        78          0          0          0          0        108   _printf_pad.o
         0          0          0          0          0          0   _printf_percent.o
         4          0          0          0          0          0   _printf_percent_end.o
         6          0          0          0          0          0   _printf_x.o
        22          0          0          0          0        100   _rserrno.o
        16          0          0          0          0         68   aeabi_memset.o
       220          4        148          0          0         96   bigflt0.o
      1910        128          0          0          0        672   btod.o
        12          0          0          0          0         72   exit.o
         8          0          0          0          0         68   ferror.o
         6          0          0          0          0        152   heapauxi.o
        44         10         28          0          0         76   lc_numeric_c.o
         2          0          0          0          0          0   libinit.o
        22          0          0          0          0          0   libinit2.o
         2          0          0          0          0          0   libshutdown.o
         2          0          0          0          0          0   libshutdown2.o
         8          4          0          0         96         68   libspace.o
        72          0          0          0          0         76   llsdiv.o
       138          0          0          0          0         80   lludiv10.o
       238          0          0          0          0        100   lludivv7m.o
        88          0          0          0          0         76   memcmp.o
        24          4          0          0          0         84   noretval__2printf.o
         8          4          0          0          0         68   rt_errno_addr_intlibspace.o
         8          4          0          0          0         68   rt_locale_intlibspace.o
        68          0          0          0          0         68   rt_memclr.o
        78          0          0          0          0         80   rt_memclr_w.o
       138          0          0          0          0         68   rt_memcpy_v6.o
       100          0          0          0          0         80   rt_memcpy_w.o
         2          0          0          0          0          0   rtexit.o
        10          0          0          0          0          0   rtexit2.o
       128          0          0          0          0         68   strcmpv7m.o
        74          0          0          0          0         80   sys_stackheap_outer.o
         2          0          0          0          0         68   use_no_semi.o
         2          0          0          0          0         68   use_no_semi_2.o
        24          0          0          0          0        164   basic.o
        98          4          0          0          0        140   d2f.o
       826         16          0          0          0        492   daddsub_clz.o
       688        140          0          0          0        256   ddiv.o
        46          0          0          0          0        116   dflt_clz.o
       340         12          0          0          0        152   dmul.o
       156          4          0          0          0        140   dnaninf.o
        12          0          0          0          0        116   dretinf.o
       408         56          0          0          0        168   dsqrt_umaal.o
        86          4          0          0          0        132   f2d.o
       140          4          0          0          0        132   fnaninf.o
        10          0          0          0          0        116   fpinit.o
        10          0          0          0          0        116   fretinf.o
         4          0          0          0          0        116   printf1.o
         0          0          0          0          0          0   usenofp.o
       864         94         80          0          0        280   asin.o
       744        106        152          0          0        352   atan.o
       496         64          0          0          0        192   atan2.o
       104         16          0          0          0        496   dunder.o
        44          0          0          0          0        248   fabs.o
        48          0          0          0          0        124   fpclassify.o
       248          0          0          0          0        152   poly.o
         0          0          8          0          0          0   qnan.o
       232          0          0          0          0        296   sqrt.o

    ----------------------------------------------------------------------
     11316        736        474          0         96       8080   Library Totals
        30          0          1          0          0          0   (incl. Padding)

    ----------------------------------------------------------------------

      Code (inc. data)   RO Data    RW Data    ZI Data      Debug   Library Name

      5658        216        233          0         96       3584   c_w.l
      2848        240          0          0          0       2356   fz_wm.l
      2780        280        240          0          0       2140   m_wm.l

    ----------------------------------------------------------------------
     11316        736        474          0         96       8080   Library Totals

    ----------------------------------------------------------------------

==============================================================================


      Code (inc. data)   RO Data    RW Data    ZI Data      Debug   

     52944       2384       4120        292      79316     540610   Grand Totals
     52944       2384       4120        292      79316     540610   ELF Image Totals
     52944       2384       4120        292          0          0   ROM Totals

==============================================================================

    Total RO  Size (Code + RO Data)                57064 (  55.73kB)
    Total RW  Size (RW Data + ZI Data)             79608 (  77.74kB)
    Total ROM Size (Code + RO Data + RW Data)      57356 (  56.01kB)

==============================================================================

